[backblue.gif]
[fade.gif]
[index.html]
[global.yamaha-motor.com/showroom/papercraft/shared/img/ogp_img.png]
[global.yamaha-motor.com/shared/favicon/apple-touch-icon-57x57.png]
[global.yamaha-motor.com/shared/favicon/apple-touch-icon-60x60.png]
[global.yamaha-motor.com/shared/favicon/apple-touch-icon-72x72.png]
[global.yamaha-motor.com/shared/favicon/apple-touch-icon-76x76.png]
[global.yamaha-motor.com/shared/favicon/apple-touch-icon-114x114.png]
[global.yamaha-motor.com/shared/favicon/apple-touch-icon-120x120.png]
[global.yamaha-motor.com/shared/favicon/apple-touch-icon-144x144.png]
[global.yamaha-motor.com/shared/favicon/apple-touch-icon-152x152.png]
[global.yamaha-motor.com/shared/favicon/apple-touch-icon-180x180.png]
[global.yamaha-motor.com/shared/favicon/favicon-32x32.png]
[global.yamaha-motor.com/shared/favicon/android-chrome-192x192.png]
[global.yamaha-motor.com/shared/favicon/favicon-96x96.png]
[global.yamaha-motor.com/shared/favicon/favicon-16x16.png]
[global.yamaha-motor.com/shared/favicon/mstile-144x144.png]
[global.yamaha-motor.com/shared/css/reset.css]
[global.yamaha-motor.com/shared/css/base_cojp_950.css]
[global.yamaha-motor.com/shared/css/font_950.css]
[global.yamaha-motor.com/shared/css/print_950.css]
[global.yamaha-motor.com/shared/js/common.js]
[global.yamaha-motor.com/shared/css/swiper.min.css]
[global.yamaha-motor.com/shared/css/rwd_base.css]
[global.yamaha-motor.com/shared/css/rwd_corporate.css]
[global.yamaha-motor.com/shared/css/rwd_print.css]
[global.yamaha-motor.com/shared/js/performance.js]
[global.yamaha-motor.com/showroom/papercraft/css/index.css]
[global.yamaha-motor.com/shared/img/rwd_identity.png]
[global.yamaha-motor.com/showroom/papercraft/img/index_key21.png]
[global.yamaha-motor.com/showroom/papercraft/img/thumb_001_ya1.jpg]
[global.yamaha-motor.com/showroom/papercraft/img/thumb_002.jpg]
[global.yamaha-motor.com/showroom/papercraft/img/thumb_003.jpg]
[global.yamaha-motor.com/showroom/papercraft/img/thumb_004.jpg]
[global.yamaha-motor.com/showroom/papercraft/img/thumb_005.jpg]
[global.yamaha-motor.com/showroom/papercraft/img/thumb_006.jpg]
[global.yamaha-motor.com/showroom/papercraft/img/thumb_007.jpg]
[global.yamaha-motor.com/showroom/papercraft/img/thumb_008.jpg]
[global.yamaha-motor.com/showroom/papercraft/img/thumb_009.jpg]
[global.yamaha-motor.com/showroom/papercraft/img/thumb_010.jpg]
[global.yamaha-motor.com/showroom/papercraft/img/thumb_011.png]
[global.yamaha-motor.com/showroom/papercraft/img/bnr_001.png]
[global.yamaha-motor.com/showroom/papercraft/img/bnr_001o.png]
[global.yamaha-motor.com/shared/img/rwd_icon_acrobatreader.jpg]
[global.yamaha-motor.com/shared/js/jquery-2.2.0.min.js]
[global.yamaha-motor.com/shared/js/jquery.menu-aim.js]
[global.yamaha-motor.com/shared/js/rwd-jquery.colorbox.js]
[global.yamaha-motor.com/shared/js/layzr.min.js]
[global.yamaha-motor.com/shared/js/smooth-scroll.min.js]
[global.yamaha-motor.com/shared/js/swiper.min.js]
[global.yamaha-motor.com/shared/js/rwd-main.js]
[global.yamaha-motor.com/shared/js/rwd-sns-corporate.js]
[global.yamaha-motor.com/shared/js/picturefill.js]
[global.yamaha-motor.com/showroom/papercraft/index.html]
[global.yamaha-motor.com/showroom/papercraft/index-2.html]
[global.yamaha-motor.com/shared/css/reset.css]
[global.yamaha-motor.com/shared/img/bg_header_sky.jpg]
[global.yamaha-motor.com/shared/img/bg_header_gray.jpg]
[global.yamaha-motor.com/shared/img/bg_header_sky_cloud.jpg]
[global.yamaha-motor.com/shared/img/btn_search_toJapanese_o.png]
[global.yamaha-motor.com/shared/img/btn_close.gif]
[global.yamaha-motor.com/shared/img/nav_o.png]
[global.yamaha-motor.com/shared/img/nav_c_o.png]
[global.yamaha-motor.com/shared/img_v2/cmn_ar_pagetop.png]
[global.yamaha-motor.com/shared/img/bg_localNav_border.gif]
[global.yamaha-motor.com/shared/img/bg_relatedLinks.jpg]
[global.yamaha-motor.com/shared/img/bg_localNav_bullet.gif]
[global.yamaha-motor.com/shared/img/bg_footer.gif]
[global.yamaha-motor.com/shared/img/bg_newWin.gif]
[global.yamaha-motor.com/jp/shared/img/bg_newWin.gif]
[global.yamaha-motor.com/shared/img/bg_basicNavigation.png]
[global.yamaha-motor.com/shared/css/base_cojp_950.css]
[global.yamaha-motor.com/shared/css/font_950.css]
[global.yamaha-motor.com/shared/css/print_950.css]
[global.yamaha-motor.com/shared/css/swiper.min.css]
[global.yamaha-motor.com/shared/img/rwd_bg_404.png]
[global.yamaha-motor.com/shared/img/rwd_modal_loading.gif]
[global.yamaha-motor.com/shared/img/rwd_icon_lineup_seastyle.png]
[global.yamaha-motor.com/img/index_key_001.jpg]
[global.yamaha-motor.com/shared/img/rwd_icon_lineup_silent_sp.png]
[global.yamaha-motor.com/shared/img/rwd_icon_lineup_ability_sp05.png]
[global.yamaha-motor.com/shared/img/rwd_icon_lineup_ability_sp15.png]
[global.yamaha-motor.com/shared/img/rwd_icon_lineup_ability_sp20.png]
[global.yamaha-motor.com/shared/img/rwd_icon_lineup_ability_sp25.png]
[global.yamaha-motor.com/shared/img/rwd_icon_lineup_ability_sp30.png]
[global.yamaha-motor.com/shared/img/rwd_icon_lineup_ability_sp35.png]
[global.yamaha-motor.com/img/index_key_sp_001.jpg]
[global.yamaha-motor.com/shared/img/rwd_bg_404_sp.png]
[global.yamaha-motor.com/shared/css/rwd_base.css]
[global.yamaha-motor.com/shared/css/rwd_corporate.css]
[global.yamaha-motor.com/shared/css/rwd_print.css]
[global.yamaha-motor.com/showroom/papercraft/css/index.css]
[www.googletagmanager.com/gtm5445.html]
[global.yamaha-motor.com/showroom/papercraft/shared/css/category.css]
[global.yamaha-motor.com/showroom/papercraft/ultra/css/index.css]
[global.yamaha-motor.com/showroom/papercraft/ultra/img/btn_gotop.png]
[global.yamaha-motor.com/showroom/papercraft/ultra/img/keyimg_pc.jpg]
[global.yamaha-motor.com/showroom/papercraft/ultra/img/pic_005.jpg]
[global.yamaha-motor.com/showroom/papercraft/ultra/img/pic_004.jpg]
[global.yamaha-motor.com/showroom/papercraft/ultra/img/pic_003.jpg]
[global.yamaha-motor.com/showroom/papercraft/ultra/img/pic_002.jpg]
[global.yamaha-motor.com/showroom/papercraft/ultra/img/pic_001.jpg]
[global.yamaha-motor.com/showroom/papercraft/ultra/img/bnr_001.png]
[global.yamaha-motor.com/showroom/papercraft/ultra/img/bnr_001o.png]
[global.yamaha-motor.com/showroom/papercraft/ultra/index.html]
[global.yamaha-motor.com/showroom/papercraft/racing/bootstrap/css/bootstrap.min.css]
[global.yamaha-motor.com/showroom/papercraft/racing/js-plugin/animation-framework/animate.css]
[global.yamaha-motor.com/showroom/papercraft/racing/js-plugin/owl.carousel/owl-carousel/owl.carousel.css]
[global.yamaha-motor.com/showroom/papercraft/racing/js-plugin/owl.carousel/owl-carousel/owl.theme.css]
[global.yamaha-motor.com/showroom/papercraft/racing/css/blueimp-gallery.min.css]
[global.yamaha-motor.com/showroom/papercraft/racing/bootstrap/bootstrap-image-gallery/css/bootstrap-image-gallery.min.css]
[global.yamaha-motor.com/showroom/papercraft/racing/font-icons/custom-icons/css/custom-icons.css]
[global.yamaha-motor.com/showroom/papercraft/racing/font-icons/custom-icons/css/custom-icons-ie7.css]
[global.yamaha-motor.com/showroom/papercraft/racing/css/layout.css]
[global.yamaha-motor.com/showroom/papercraft/racing/css/colors5e1f.css]
[global.yamaha-motor.com/showroom/papercraft/racing/css/sns.css]
[global.yamaha-motor.com/showroom/papercraft/racing/js/modernizr-2.6.1.min.js]
[www.yamaha-motor.co.jp/shared/img/identity.png]
[global.yamaha-motor.com/showroom/papercraft/racing/img/lg_001.png]
[global.yamaha-motor.com/showroom/papercraft/racing/img/main_001.jpg]
[global.yamaha-motor.com/showroom/papercraft/racing/img/ar_001.png]
[global.yamaha-motor.com/showroom/papercraft/racing/img/conc_h2_001.png]
[global.yamaha-motor.com/showroom/papercraft/racing/img/conc_txt_001.png]
[global.yamaha-motor.com/showroom/papercraft/racing/img/conc_pic_001.jpg]
[global.yamaha-motor.com/showroom/papercraft/racing/img/bnr_003.jpg]
[global.yamaha-motor.com/showroom/papercraft/racing/img/detl_h2_001.png]
[global.yamaha-motor.com/showroom/papercraft/racing/img/detl_h3_001.png]
[global.yamaha-motor.com/showroom/papercraft/racing/img/detl_pic_001.jpg]
[global.yamaha-motor.com/showroom/papercraft/racing/img/detl_h3_002.png]
[global.yamaha-motor.com/showroom/papercraft/racing/img/photo/photo_001.jpg]
[global.yamaha-motor.com/showroom/papercraft/racing/img/photo/photo_thumb_001.jpg]
[global.yamaha-motor.com/showroom/papercraft/racing/img/photo/photo_002.jpg]
[global.yamaha-motor.com/showroom/papercraft/racing/img/photo/photo_thumb_002.jpg]
[global.yamaha-motor.com/showroom/papercraft/racing/img/photo/photo_003.jpg]
[global.yamaha-motor.com/showroom/papercraft/racing/img/photo/photo_thumb_003.jpg]
[global.yamaha-motor.com/showroom/papercraft/racing/img/photo/photo_004.jpg]
[global.yamaha-motor.com/showroom/papercraft/racing/img/photo/photo_thumb_004.jpg]
[global.yamaha-motor.com/showroom/papercraft/racing/img/photo/photo_005.jpg]
[global.yamaha-motor.com/showroom/papercraft/racing/img/photo/photo_thumb_005.jpg]
[global.yamaha-motor.com/showroom/papercraft/racing/img/photo/photo_006.jpg]
[global.yamaha-motor.com/showroom/papercraft/racing/img/photo/photo_thumb_006.jpg]
[global.yamaha-motor.com/showroom/papercraft/racing/img/photo/photo_007.jpg]
[global.yamaha-motor.com/showroom/papercraft/racing/img/photo/photo_thumb_007.jpg]
[global.yamaha-motor.com/showroom/papercraft/racing/img/photo/photo_008.jpg]
[global.yamaha-motor.com/showroom/papercraft/racing/img/photo/photo_thumb_008.jpg]
[global.yamaha-motor.com/showroom/papercraft/racing/img/photo/photo_009.jpg]
[global.yamaha-motor.com/showroom/papercraft/racing/img/photo/photo_thumb_009.jpg]
[global.yamaha-motor.com/showroom/papercraft/racing/img/photo/photo_010.jpg]
[global.yamaha-motor.com/showroom/papercraft/racing/img/photo/photo_thumb_010.jpg]
[global.yamaha-motor.com/showroom/papercraft/racing/img/photo/photo_011.jpg]
[global.yamaha-motor.com/showroom/papercraft/racing/img/photo/photo_thumb_011.jpg]
[global.yamaha-motor.com/showroom/papercraft/racing/img/photo/photo_012.html]
[global.yamaha-motor.com/showroom/papercraft/racing/index.html]
[global.yamaha-motor.com/showroom/papercraft/rally/index.html]
[global.yamaha-motor.com/showroom/papercraft/realistic/index.html]
[global.yamaha-motor.com/showroom/papercraft/animal-global/index.html]
[global.yamaha-motor.com/showroom/papercraft/animal-japan/index.html]
[global.yamaha-motor.com/showroom/papercraft/popupcard/index.html]
[global.yamaha-motor.com/showroom/papercraft/seasons/index.html]
[global.yamaha-motor.com/showroom/papercraft/tableau-japan/index.html]
[global.yamaha-motor.com/showroom/papercraft/howto/index.html]
[global.yamaha-motor.com/showroom/papercraft/faq/index.html]
[global.yamaha-motor.com/showroom/papercraft/designer/index.html]
[global.yamaha-motor.com/showroom/papercraft/gallery/index.html]
[global.yamaha-motor.com/showroom/papercraft/ultra/index-2.html]
[global.yamaha-motor.com/showroom/papercraft/papercraft/ultra/img/ogp_img.html]
[global.yamaha-motor.com/showroom/papercraft/shared/css/category.css]
[global.yamaha-motor.com/showroom/papercraft/ultra/css/index.css]
[global.yamaha-motor.com/showroom/papercraft/ultra/ya-1/index.html]
[global.yamaha-motor.com/showroom/papercraft/ultra/mt-10/index.html]
[global.yamaha-motor.com/showroom/papercraft/ultra/yzf-r1m/index.html]
[global.yamaha-motor.com/showroom/papercraft/ultra/vmax/index.html]
[global.yamaha-motor.com/showroom/papercraft/ultra/mt-01/index.html]
[global.yamaha-motor.com/showroom/papercraft/ultra/img/fig_001.svg]
[global.yamaha-motor.com/showroom/papercraft/ultra/img/fig_002.svg]
[global.yamaha-motor.com/showroom/papercraft/ultra/img/fig_003.svg]
[global.yamaha-motor.com/showroom/papercraft/ultra/img/fig_004.svg]
[global.yamaha-motor.com/showroom/papercraft/racing/bootstrap/css/bootstrap.min.css]
[global.yamaha-motor.com/showroom/papercraft/racing/js-plugin/animation-framework/animate.css]
[global.yamaha-motor.com/showroom/papercraft/racing/js-plugin/owl.carousel/owl-carousel/owl.carousel.css]
[global.yamaha-motor.com/showroom/papercraft/racing/js-plugin/owl.carousel/owl-carousel/owl.theme.css]
[global.yamaha-motor.com/showroom/papercraft/racing/css/blueimp-gallery.min.css]
[global.yamaha-motor.com/showroom/papercraft/racing/bootstrap/bootstrap-image-gallery/css/bootstrap-image-gallery.min.css]
[global.yamaha-motor.com/showroom/papercraft/racing/font-icons/custom-icons/css/custom-icons.css]
[global.yamaha-motor.com/showroom/papercraft/racing/font-icons/custom-icons/css/custom-icons-ie7.css]
[global.yamaha-motor.com/showroom/papercraft/racing/css/layout.css]
[global.yamaha-motor.com/showroom/papercraft/racing/css/colors5e1f.css]
[global.yamaha-motor.com/showroom/papercraft/racing/css/sns.css]
[global.yamaha-motor.com/showroom/papercraft/racing/interview/index.html]
[global.yamaha-motor.com/showroom/papercraft/racing/img/photo/photo_thumb_012.html]
[global.yamaha-motor.com/showroom/papercraft/racing/img/photo/photo_013.html]
[global.yamaha-motor.com/showroom/papercraft/racing/img/photo/photo_thumb_013.html]
[global.yamaha-motor.com/showroom/papercraft/racing/img/photo/photo_014.html]
[global.yamaha-motor.com/showroom/papercraft/racing/img/photo/photo_thumb_014.html]
[global.yamaha-motor.com/showroom/papercraft/racing/img/photo/photo_015.html]
[global.yamaha-motor.com/showroom/papercraft/racing/img/photo/photo_thumb_015.html]
[global.yamaha-motor.com/showroom/papercraft/racing/img/photo/photo_016.html]
[global.yamaha-motor.com/showroom/papercraft/racing/img/photo/photo_thumb_016.html]
[global.yamaha-motor.com/showroom/papercraft/racing/img/photo/photo_017.html]
[global.yamaha-motor.com/showroom/papercraft/racing/img/photo/photo_thumb_017.html]
[global.yamaha-motor.com/showroom/papercraft/racing/img/photo/photo_018.html]
[global.yamaha-motor.com/showroom/papercraft/racing/img/photo/photo_thumb_018.html]
[global.yamaha-motor.com/showroom/papercraft/racing/img/photo/photo_019.html]
[global.yamaha-motor.com/showroom/papercraft/racing/img/photo/photo_thumb_019.html]
[global.yamaha-motor.com/showroom/papercraft/racing/img/photo/photo_020.html]
[global.yamaha-motor.com/showroom/papercraft/racing/img/photo/photo_thumb_020.html]
[global.yamaha-motor.com/showroom/papercraft/racing/img/photo/photo_021.html]
[global.yamaha-motor.com/showroom/papercraft/racing/img/photo/photo_thumb_021.html]
[global.yamaha-motor.com/showroom/papercraft/racing/img/photo/photo_022.html]
[global.yamaha-motor.com/showroom/papercraft/racing/img/photo/photo_thumb_022.html]
[global.yamaha-motor.com/showroom/papercraft/racing/img/photo/photo_023.html]
[global.yamaha-motor.com/showroom/papercraft/racing/img/photo/photo_thumb_023.html]
[global.yamaha-motor.com/showroom/papercraft/racing/img/photo/photo_024.html]
[global.yamaha-motor.com/showroom/papercraft/racing/img/photo/photo_thumb_024.html]
[global.yamaha-motor.com/showroom/papercraft/racing/img/photo/photo_025.html]
[global.yamaha-motor.com/showroom/papercraft/racing/img/photo/photo_thumb_025.html]
[global.yamaha-motor.com/showroom/papercraft/racing/img/photo/photo_026.html]
[global.yamaha-motor.com/showroom/papercraft/racing/img/photo/photo_thumb_026.html]
[global.yamaha-motor.com/showroom/papercraft/racing/img/down_h2_001.html]
[global.yamaha-motor.com/showroom/papercraft/racing/notice/index.html]
[global.yamaha-motor.com/showroom/papercraft/racing/img/down_h3_001.html]
[global.yamaha-motor.com/showroom/papercraft/racing/img/down_tl_001.html]
[global.yamaha-motor.com/showroom/papercraft/racing/img/down_pic_001.html]
[global.yamaha-motor.com/showroom/papercraft/racing/pdf/A-block.html]
[global.yamaha-motor.com/showroom/papercraft/racing/img/btn_001.html]
[global.yamaha-motor.com/showroom/papercraft/racing/img/down_tl_002.html]
[global.yamaha-motor.com/showroom/papercraft/racing/img/down_pic_002.html]
[global.yamaha-motor.com/showroom/papercraft/racing/pdf/B-block.html]
[global.yamaha-motor.com/showroom/papercraft/racing/img/btn_002.html]
[global.yamaha-motor.com/showroom/papercraft/racing/img/down_tl_003.html]
[global.yamaha-motor.com/showroom/papercraft/racing/img/down_pic_003.html]
[global.yamaha-motor.com/showroom/papercraft/racing/pdf/C-block.html]
[global.yamaha-motor.com/showroom/papercraft/racing/img/btn_003.html]
[global.yamaha-motor.com/showroom/papercraft/racing/img/down_tl_004.html]
[global.yamaha-motor.com/showroom/papercraft/racing/img/down_pic_004.html]
[global.yamaha-motor.com/showroom/papercraft/racing/pdf/D-block.html]
[global.yamaha-motor.com/showroom/papercraft/racing/img/btn_004.html]
[global.yamaha-motor.com/showroom/papercraft/racing/img/down_h3_002.html]
[global.yamaha-motor.com/showroom/papercraft/racing/img/down_tl_005.html]
[global.yamaha-motor.com/showroom/papercraft/racing/pdf/A-block_assembly.html]
[global.yamaha-motor.com/showroom/papercraft/racing/img/btn_005.html]
[global.yamaha-motor.com/showroom/papercraft/racing/img/down_tl_006.html]
[global.yamaha-motor.com/showroom/papercraft/racing/pdf/B-block_assembly.html]
[global.yamaha-motor.com/showroom/papercraft/racing/img/btn_006.html]
[global.yamaha-motor.com/showroom/papercraft/racing/img/down_tl_007.html]
[global.yamaha-motor.com/showroom/papercraft/racing/pdf/CD-block_assembly.html]
[global.yamaha-motor.com/showroom/papercraft/racing/img/btn_007.html]
[global.yamaha-motor.com/showroom/papercraft/racing/img/down_h3_003.html]
[global.yamaha-motor.com/showroom/papercraft/racing/pdf/assembly_plus.html]
[global.yamaha-motor.com/showroom/papercraft/racing/img/icon_pdf.html]
[global.yamaha-motor.com/showroom/papercraft/racing/img/link_tl_001.html]
[global.yamaha-motor.com/showroom/papercraft/racing/img/bnr_001.html]
[global.yamaha-motor.com/showroom/papercraft/racing/img/link_tl_002.html]
[global.yamaha-motor.com/showroom/papercraft/racing/img/bnr_002.html]
[global.yamaha-motor.com/showroom/papercraft/shared/img/btn_backToTop.html]
[global.yamaha-motor.com/showroom/papercraft/racing/js-plugin/respond/respond.min.html]
[global.yamaha-motor.com/showroom/papercraft/racing/js-plugin/jquery/1.8.3/jquery.min.html]
[global.yamaha-motor.com/showroom/papercraft/racing/js-plugin/jquery-ui/jquery-ui-1.8.23.custom.min.html]
[global.yamaha-motor.com/showroom/papercraft/racing/bootstrap/js/bootstrap.min.html]
[global.yamaha-motor.com/showroom/papercraft/racing/js-plugin/easing/jquery.easing.1.3.html]
[global.yamaha-motor.com/showroom/papercraft/racing/js-plugin/parallax/js/jquery.scrollTo.html]
[global.yamaha-motor.com/showroom/papercraft/racing/js-plugin/parallax/js/jquery.localscroll-1.2.7-min.html]
[global.yamaha-motor.com/showroom/papercraft/racing/js-plugin/parallax/js/jquery.stellar.min.html]
[global.yamaha-motor.com/showroom/papercraft/racing/js-plugin/owl.carousel/owl-carousel/owl.carousel.min.html]
[global.yamaha-motor.com/showroom/papercraft/racing/bootstrap/bootstrap-image-gallery/jquery.blueimp-gallery.min.html]
[global.yamaha-motor.com/showroom/papercraft/racing/bootstrap/bootstrap-image-gallery/js/bootstrap-image-gallery.html]
[global.yamaha-motor.com/showroom/papercraft/racing/js/custom.html]
[global.yamaha-motor.com/showroom/papercraft/rally/bootstrap/css/bootstrap.min.html]
[global.yamaha-motor.com/showroom/papercraft/rally/js-plugin/animation-framework/animate.html]
[global.yamaha-motor.com/showroom/papercraft/rally/js-plugin/owl.carousel/owl-carousel/owl.carousel.html]
[global.yamaha-motor.com/showroom/papercraft/rally/js-plugin/owl.carousel/owl-carousel/owl.theme.html]
[global.yamaha-motor.com/showroom/papercraft/rally/css/blueimp-gallery.min.html]
[global.yamaha-motor.com/showroom/papercraft/rally/bootstrap/bootstrap-image-gallery/css/bootstrap-image-gallery.min.html]
[global.yamaha-motor.com/showroom/papercraft/rally/font-icons/custom-icons/css/custom-icons.html]
[global.yamaha-motor.com/showroom/papercraft/rally/font-icons/custom-icons/css/custom-icons-ie7.html]
[global.yamaha-motor.com/showroom/papercraft/rally/css/layout.html]
[global.yamaha-motor.com/showroom/papercraft/rally/css/colors5e1f.html]
[global.yamaha-motor.com/showroom/papercraft/rally/engine/style1.html]
[global.yamaha-motor.com/showroom/papercraft/rally/engine/style2.html]
[global.yamaha-motor.com/showroom/papercraft/rally/css/sns.html]
[global.yamaha-motor.com/showroom/papercraft/rally/js-plugin/jquery/1.8.3/jquery.min.html]
[global.yamaha-motor.com/showroom/papercraft/rally/js-plugin/jquery-ui/jquery-ui-1.8.23.custom.min.html]
[global.yamaha-motor.com/showroom/papercraft/rally/img/lg_001.html]
[global.yamaha-motor.com/showroom/papercraft/rally/img/main_001.html]
[global.yamaha-motor.com/showroom/papercraft/rally/img/ar_001.html]
[global.yamaha-motor.com/showroom/papercraft/rally/img/conc_h1_001.html]
[global.yamaha-motor.com/showroom/papercraft/rally/img/conc_txt_001.html]
[global.yamaha-motor.com/showroom/papercraft/rally/img/conc_txt_002.html]
[global.yamaha-motor.com/showroom/papercraft/rally/img/conc_pic_001.html]
[global.yamaha-motor.com/showroom/papercraft/rally/img/conc_pic_002.html]
[global.yamaha-motor.com/showroom/papercraft/rally/img/slider/pic1.html]
[global.yamaha-motor.com/showroom/papercraft/rally/img/slider/pic2.html]
[global.yamaha-motor.com/showroom/papercraft/rally/img/slider/pic3.html]
[global.yamaha-motor.com/showroom/papercraft/rally/img/detl_h1_001.html]
[global.yamaha-motor.com/showroom/papercraft/rally/img/detl_h2_001.html]
[global.yamaha-motor.com/showroom/papercraft/rally/img/detl_pic_001.html]
[global.yamaha-motor.com/showroom/papercraft/rally/img/detl_h2_002.html]
[global.yamaha-motor.com/showroom/papercraft/rally/img/detl_h3_001.html]
[global.yamaha-motor.com/showroom/papercraft/rally/img/photo/photo_001.html]
[global.yamaha-motor.com/showroom/papercraft/rally/img/photo/photo_thumb_001.html]
[global.yamaha-motor.com/showroom/papercraft/rally/img/photo/photo_002.html]
[global.yamaha-motor.com/showroom/papercraft/rally/img/photo/photo_thumb_002.html]
[global.yamaha-motor.com/showroom/papercraft/rally/img/photo/photo_003.html]
[global.yamaha-motor.com/showroom/papercraft/rally/img/photo/photo_thumb_003.html]
[global.yamaha-motor.com/showroom/papercraft/rally/img/photo/photo_004.html]
[global.yamaha-motor.com/showroom/papercraft/rally/img/photo/photo_thumb_004.html]
[global.yamaha-motor.com/showroom/papercraft/rally/img/photo/photo_005.html]
[global.yamaha-motor.com/showroom/papercraft/rally/img/photo/photo_thumb_005.html]
[global.yamaha-motor.com/showroom/papercraft/rally/img/photo/photo_006.html]
[global.yamaha-motor.com/showroom/papercraft/rally/img/photo/photo_thumb_006.html]
[global.yamaha-motor.com/showroom/papercraft/rally/img/photo/photo_007.html]
[global.yamaha-motor.com/showroom/papercraft/rally/img/photo/photo_thumb_007.html]
[global.yamaha-motor.com/showroom/papercraft/rally/img/photo/photo_008.html]
[global.yamaha-motor.com/showroom/papercraft/rally/img/photo/photo_thumb_008.html]
[global.yamaha-motor.com/showroom/papercraft/rally/img/photo/photo_009.html]
[global.yamaha-motor.com/showroom/papercraft/rally/img/photo/photo_thumb_009.html]
[global.yamaha-motor.com/showroom/papercraft/rally/img/photo/photo_010.html]
[global.yamaha-motor.com/showroom/papercraft/rally/img/photo/photo_thumb_010.html]
[global.yamaha-motor.com/showroom/papercraft/rally/img/photo/photo_011.html]
[global.yamaha-motor.com/showroom/papercraft/rally/img/photo/photo_thumb_011.html]
[global.yamaha-motor.com/showroom/papercraft/rally/img/photo/photo_012.html]
[global.yamaha-motor.com/showroom/papercraft/rally/img/photo/photo_thumb_012.html]
[global.yamaha-motor.com/showroom/papercraft/rally/img/photo/photo_013.html]
[global.yamaha-motor.com/showroom/papercraft/rally/img/photo/photo_thumb_013.html]
[global.yamaha-motor.com/showroom/papercraft/rally/img/photo/photo_014.html]
[global.yamaha-motor.com/showroom/papercraft/rally/img/photo/photo_thumb_014.html]
[global.yamaha-motor.com/showroom/papercraft/rally/img/detl_h3_002.html]
[global.yamaha-motor.com/showroom/papercraft/rally/img/photo/photo_015.html]
[global.yamaha-motor.com/showroom/papercraft/rally/img/photo/photo_thumb_015.html]
[global.yamaha-motor.com/showroom/papercraft/rally/img/photo/photo_016.html]
[global.yamaha-motor.com/showroom/papercraft/rally/img/photo/photo_thumb_016.html]
[global.yamaha-motor.com/showroom/papercraft/rally/img/photo/photo_017.html]
[global.yamaha-motor.com/showroom/papercraft/rally/img/photo/photo_thumb_017.html]
[global.yamaha-motor.com/showroom/papercraft/rally/img/photo/photo_018.html]
[global.yamaha-motor.com/showroom/papercraft/rally/img/photo/photo_thumb_018.html]
[global.yamaha-motor.com/showroom/papercraft/rally/img/photo/photo_019.html]
[global.yamaha-motor.com/showroom/papercraft/rally/img/photo/photo_thumb_019.html]
[global.yamaha-motor.com/showroom/papercraft/rally/img/photo/photo_020.html]
[global.yamaha-motor.com/showroom/papercraft/rally/img/photo/photo_thumb_020.html]
[global.yamaha-motor.com/showroom/papercraft/rally/img/photo/photo_021.html]
[global.yamaha-motor.com/showroom/papercraft/rally/img/photo/photo_thumb_021.html]
[global.yamaha-motor.com/showroom/papercraft/rally/img/photo/photo_022.html]
[global.yamaha-motor.com/showroom/papercraft/rally/img/photo/photo_thumb_022.html]
[global.yamaha-motor.com/showroom/papercraft/rally/img/photo/photo_023.html]
[global.yamaha-motor.com/showroom/papercraft/rally/img/photo/photo_thumb_023.html]
[global.yamaha-motor.com/showroom/papercraft/rally/img/photo/photo_024.html]
[global.yamaha-motor.com/showroom/papercraft/rally/img/photo/photo_thumb_024.html]
[global.yamaha-motor.com/showroom/papercraft/rally/img/photo/photo_025.html]
[global.yamaha-motor.com/showroom/papercraft/rally/img/photo/photo_thumb_025.html]
[global.yamaha-motor.com/showroom/papercraft/rally/img/photo/photo_026.html]
[global.yamaha-motor.com/showroom/papercraft/rally/img/photo/photo_thumb_026.html]
[global.yamaha-motor.com/showroom/papercraft/rally/img/photo/photo_027.html]
[global.yamaha-motor.com/showroom/papercraft/rally/img/photo/photo_thumb_027.html]
[global.yamaha-motor.com/showroom/papercraft/rally/img/photo/photo_028.html]
[global.yamaha-motor.com/showroom/papercraft/rally/img/photo/photo_thumb_028.html]
[global.yamaha-motor.com/showroom/papercraft/rally/img/detl_h3_003.html]
[global.yamaha-motor.com/showroom/papercraft/rally/img/photo/photo_029.html]
[global.yamaha-motor.com/showroom/papercraft/rally/img/photo/photo_thumb_029.html]
[global.yamaha-motor.com/showroom/papercraft/rally/img/photo/photo_030.html]
[global.yamaha-motor.com/showroom/papercraft/rally/img/photo/photo_thumb_030.html]
[global.yamaha-motor.com/showroom/papercraft/rally/img/slider/pic4.html]
[global.yamaha-motor.com/showroom/papercraft/rally/img/slider/pic5.html]
[global.yamaha-motor.com/showroom/papercraft/rally/img/slider/pic6.html]
[global.yamaha-motor.com/showroom/papercraft/rally/img/down_h1_001.html]
[global.yamaha-motor.com/showroom/papercraft/rally/img/down_tl_001.html]
[global.yamaha-motor.com/showroom/papercraft/rally/img/down_pic_001.html]
[global.yamaha-motor.com/showroom/papercraft/rally/pdf/A_XTZ850R.html]
[global.yamaha-motor.com/showroom/papercraft/rally/img/down_icon_001.html]
[global.yamaha-motor.com/showroom/papercraft/rally/pdf/A_XTZ850R_assembly.html]
[global.yamaha-motor.com/showroom/papercraft/rally/img/down_tl_002.html]
[global.yamaha-motor.com/showroom/papercraft/rally/img/down_pic_002.html]
[global.yamaha-motor.com/showroom/papercraft/rally/pdf/A_RIDER.html]
[global.yamaha-motor.com/showroom/papercraft/rally/pdf/A_RIDER_assembly.html]
[global.yamaha-motor.com/showroom/papercraft/rally/img/down_tl_003.html]
[global.yamaha-motor.com/showroom/papercraft/rally/img/down_pic_003.html]
[global.yamaha-motor.com/showroom/papercraft/rally/pdf/B_YZ450F.html]
[global.yamaha-motor.com/showroom/papercraft/rally/pdf/B_YZ450F_assembly.html]
[global.yamaha-motor.com/showroom/papercraft/rally/img/down_tl_004.html]
[global.yamaha-motor.com/showroom/papercraft/rally/img/down_pic_004.html]
[global.yamaha-motor.com/showroom/papercraft/rally/pdf/B_RIDER.html]
[global.yamaha-motor.com/showroom/papercraft/rally/pdf/B_RIDER_assembly.html]
[global.yamaha-motor.com/showroom/papercraft/rally/img/down_tl_005.html]
[global.yamaha-motor.com/showroom/papercraft/rally/img/down_pic_005.html]
[global.yamaha-motor.com/showroom/papercraft/rally/pdf/C_BACKGROUND-LEFT.html]
[global.yamaha-motor.com/showroom/papercraft/rally/pdf/C_BACKGROUND-RIGHT.html]
[global.yamaha-motor.com/showroom/papercraft/rally/pdf/C_BACKGROUND_assembly.html]
[global.yamaha-motor.com/showroom/papercraft/rally/img/link_tl_001.html]
[global.yamaha-motor.com/showroom/papercraft/rally/img/bnr_001.html]
[global.yamaha-motor.com/showroom/papercraft/rally/img/link_tl_002.html]
[global.yamaha-motor.com/showroom/papercraft/rally/img/bnr_002.html]
[global.yamaha-motor.com/showroom/papercraft/rally/js-plugin/respond/respond.min.html]
[global.yamaha-motor.com/showroom/papercraft/rally/bootstrap/js/bootstrap.min.html]
[global.yamaha-motor.com/showroom/papercraft/rally/js/modernizr.html]
[global.yamaha-motor.com/showroom/papercraft/rally/js-plugin/parallax/js/jquery.scrollTo.html]
[global.yamaha-motor.com/showroom/papercraft/rally/js-plugin/parallax/js/jquery.localscroll-1.2.7-min.html]
[global.yamaha-motor.com/showroom/papercraft/rally/engine/wowslider.html]
[global.yamaha-motor.com/showroom/papercraft/rally/engine/script1.html]
[global.yamaha-motor.com/showroom/papercraft/rally/engine/script2.html]
[global.yamaha-motor.com/showroom/papercraft/rally/js-plugin/owl.carousel/owl-carousel/owl.carousel.min.html]
[global.yamaha-motor.com/showroom/papercraft/rally/bootstrap/bootstrap-image-gallery/jquery.blueimp-gallery.min.html]
[global.yamaha-motor.com/showroom/papercraft/rally/bootstrap/bootstrap-image-gallery/js/bootstrap-image-gallery.html]
[global.yamaha-motor.com/showroom/papercraft/rally/js/custom.html]
[global.yamaha-motor.com/showroom/papercraft/animal-japan/shared/img/ogp_img.html]
[global.yamaha-motor.com/showroom/papercraft/realistic/css/index.html]
[global.yamaha-motor.com/showroom/papercraft/realistic/img/btn_gotop.html]
[global.yamaha-motor.com/showroom/papercraft/realistic/img/keyimg_pc.html]
[global.yamaha-motor.com/showroom/papercraft/realistic/vmax/index.html]
[global.yamaha-motor.com/showroom/papercraft/realistic/shared/img/thumb_001.html]
[global.yamaha-motor.com/showroom/papercraft/realistic/yzf-r1/index.html]
[global.yamaha-motor.com/showroom/papercraft/realistic/shared/img/thumb_002.html]
[global.yamaha-motor.com/showroom/papercraft/realistic/xjr1300/index.html]
[global.yamaha-motor.com/showroom/papercraft/realistic/shared/img/thumb_003.html]
[global.yamaha-motor.com/showroom/papercraft/realistic/dsc11/index.html]
[global.yamaha-motor.com/showroom/papercraft/realistic/shared/img/thumb_004.html]
[global.yamaha-motor.com/showroom/papercraft/realistic/sr400/index.html]
[global.yamaha-motor.com/showroom/papercraft/realistic/shared/img/thumb_005.html]
[global.yamaha-motor.com/showroom/papercraft/realistic/tmax/index.html]
[global.yamaha-motor.com/showroom/papercraft/realistic/shared/img/thumb_006.html]
[global.yamaha-motor.com/showroom/papercraft/realistic/yzr-m1/index.html]
[global.yamaha-motor.com/showroom/papercraft/realistic/shared/img/thumb_007.html]
[global.yamaha-motor.com/showroom/papercraft/realistic/yzr-m1-us/index.html]
[global.yamaha-motor.com/showroom/papercraft/realistic/shared/img/thumb_008.html]
[global.yamaha-motor.com/showroom/papercraft/realistic/yz450fm/index.html]
[global.yamaha-motor.com/showroom/papercraft/realistic/shared/img/thumb_009.html]
[global.yamaha-motor.com/showroom/papercraft/realistic/yzf-r1-2007/index.html]
[global.yamaha-motor.com/showroom/papercraft/realistic/shared/img/thumb_010.html]
[global.yamaha-motor.com/showroom/papercraft/realistic/img/bnr_001.html]
[global.yamaha-motor.com/showroom/papercraft/realistic/img/bnr_001o.html]
[global.yamaha-motor.com/showroom/papercraft/animal-global/shared/img/ogp_img.html]
[global.yamaha-motor.com/showroom/papercraft/animal-global/css/index.html]
[global.yamaha-motor.com/showroom/papercraft/animal-global/img/btn_gotop.html]
[global.yamaha-motor.com/showroom/papercraft/animal-global/img/keyimg_pc.html]
[global.yamaha-motor.com/showroom/papercraft/animal-global/coelacanth/index.html]
[global.yamaha-motor.com/showroom/papercraft/animal-global/shared/img/thumb_001.html]
[global.yamaha-motor.com/showroom/papercraft/animal-global/elephant/index.html]
[global.yamaha-motor.com/showroom/papercraft/animal-global/shared/img/thumb_002.html]
[global.yamaha-motor.com/showroom/papercraft/animal-global/penguin/index.html]
[global.yamaha-motor.com/showroom/papercraft/animal-global/shared/img/thumb_003.html]
[global.yamaha-motor.com/showroom/papercraft/animal-global/gorilla/index.html]
[global.yamaha-motor.com/showroom/papercraft/animal-global/shared/img/thumb_004.html]
[global.yamaha-motor.com/showroom/papercraft/animal-global/rhinoceros/index.html]
[global.yamaha-motor.com/showroom/papercraft/animal-global/shared/img/thumb_005.html]
[global.yamaha-motor.com/showroom/papercraft/animal-global/condor/index.html]
[global.yamaha-motor.com/showroom/papercraft/animal-global/shared/img/thumb_006.html]
[global.yamaha-motor.com/showroom/papercraft/animal-global/tiger/index.html]
[global.yamaha-motor.com/showroom/papercraft/animal-global/shared/img/thumb_007.html]
[global.yamaha-motor.com/showroom/papercraft/animal-global/orang-utan/index.html]
[global.yamaha-motor.com/showroom/papercraft/animal-global/shared/img/thumb_008.html]
[global.yamaha-motor.com/showroom/papercraft/animal-global/pelican/index.html]
[global.yamaha-motor.com/showroom/papercraft/animal-global/shared/img/thumb_009.html]
[global.yamaha-motor.com/showroom/papercraft/animal-global/tapir/index.html]
[global.yamaha-motor.com/showroom/papercraft/animal-global/shared/img/thumb_010.html]
[global.yamaha-motor.com/showroom/papercraft/animal-global/sloth/index.html]
[global.yamaha-motor.com/showroom/papercraft/animal-global/shared/img/thumb_011.html]
[global.yamaha-motor.com/showroom/papercraft/animal-global/crocodile/index.html]
[global.yamaha-motor.com/showroom/papercraft/animal-global/shared/img/thumb_012.html]
[global.yamaha-motor.com/showroom/papercraft/animal-global/bear/index.html]
[global.yamaha-motor.com/showroom/papercraft/animal-global/shared/img/thumb_013.html]
[global.yamaha-motor.com/showroom/papercraft/animal-global/c-penguin/index.html]
[global.yamaha-motor.com/showroom/papercraft/animal-global/shared/img/thumb_014.html]
[global.yamaha-motor.com/showroom/papercraft/animal-global/zebra/index.html]
[global.yamaha-motor.com/showroom/papercraft/animal-global/shared/img/thumb_015.html]
[global.yamaha-motor.com/showroom/papercraft/animal-global/kiwi/index.html]
[global.yamaha-motor.com/showroom/papercraft/animal-global/shared/img/thumb_016.html]
[global.yamaha-motor.com/showroom/papercraft/animal-global/wao/index.html]
[global.yamaha-motor.com/showroom/papercraft/animal-global/shared/img/thumb_017.html]
[global.yamaha-motor.com/showroom/papercraft/animal-global/hedgehog/index.html]
[global.yamaha-motor.com/showroom/papercraft/animal-global/shared/img/thumb_018.html]
[global.yamaha-motor.com/showroom/papercraft/animal-global/iguana/index.html]
[global.yamaha-motor.com/showroom/papercraft/animal-global/shared/img/thumb_019.html]
[global.yamaha-motor.com/showroom/papercraft/animal-global/panda/index.html]
[global.yamaha-motor.com/showroom/papercraft/animal-global/shared/img/thumb_020.html]
[global.yamaha-motor.com/showroom/papercraft/animal-global/okapi/index.html]
[global.yamaha-motor.com/showroom/papercraft/animal-global/shared/img/thumb_021.html]
[global.yamaha-motor.com/showroom/papercraft/animal-global/eagle/index.html]
[global.yamaha-motor.com/showroom/papercraft/animal-global/shared/img/thumb_022.html]
[global.yamaha-motor.com/showroom/papercraft/animal-global/seal/index.html]
[global.yamaha-motor.com/showroom/papercraft/animal-global/shared/img/thumb_023.html]
[global.yamaha-motor.com/showroom/papercraft/animal-global/lion/index.html]
[global.yamaha-motor.com/showroom/papercraft/animal-global/shared/img/thumb_024.html]
[global.yamaha-motor.com/showroom/papercraft/animal-global/bushdog/index.html]
[global.yamaha-motor.com/showroom/papercraft/animal-global/shared/img/thumb_025.html]
[global.yamaha-motor.com/showroom/papercraft/animal-global/pinkdolphin/index.html]
[global.yamaha-motor.com/showroom/papercraft/animal-global/shared/img/thumb_026.html]
[global.yamaha-motor.com/showroom/papercraft/animal-global/yellowfooted/index.html]
[global.yamaha-motor.com/showroom/papercraft/animal-global/shared/img/thumb_027.html]
[global.yamaha-motor.com/showroom/papercraft/animal-global/armadillo/index.html]
[global.yamaha-motor.com/showroom/papercraft/animal-global/shared/img/thumb_028.html]
[global.yamaha-motor.com/showroom/papercraft/animal-global/macaw/index.html]
[global.yamaha-motor.com/showroom/papercraft/animal-global/shared/img/thumb_029.html]
[global.yamaha-motor.com/showroom/papercraft/animal-japan/css/index.html]
[global.yamaha-motor.com/showroom/papercraft/animal-japan/img/btn_gotop.html]
[global.yamaha-motor.com/showroom/papercraft/animal-japan/img/keyimg_pc.html]
[global.yamaha-motor.com/showroom/papercraft/animal-japan/okojo/index.html]
[global.yamaha-motor.com/showroom/papercraft/animal-japan/shared/img/thumb_001.html]
[global.yamaha-motor.com/showroom/papercraft/animal-japan/kame/index.html]
[global.yamaha-motor.com/showroom/papercraft/animal-japan/shared/img/thumb_002.html]
[global.yamaha-motor.com/showroom/papercraft/animal-japan/fukuro/index.html]
[global.yamaha-motor.com/showroom/papercraft/animal-japan/shared/img/thumb_003.html]
[global.yamaha-motor.com/showroom/papercraft/animal-japan/kawauso/index.html]
[global.yamaha-motor.com/showroom/papercraft/animal-japan/shared/img/thumb_004.html]
[global.yamaha-motor.com/showroom/papercraft/animal-japan/washi/index.html]
[global.yamaha-motor.com/showroom/papercraft/animal-japan/shared/img/thumb_005.html]
[global.yamaha-motor.com/showroom/papercraft/animal-japan/saru/index.html]
[global.yamaha-motor.com/showroom/papercraft/animal-japan/shared/img/thumb_006.html]
[global.yamaha-motor.com/showroom/papercraft/animal-japan/tancho/index.html]
[global.yamaha-motor.com/showroom/papercraft/animal-japan/shared/img/thumb_007.html]
[global.yamaha-motor.com/showroom/papercraft/popupcard/shared/img/ogp_img.html]
[global.yamaha-motor.com/showroom/papercraft/popupcard/css/index.html]
[global.yamaha-motor.com/showroom/papercraft/popupcard/img/btn_gotop.html]
[global.yamaha-motor.com/showroom/papercraft/popupcard/img/keyimg_pc.html]
[global.yamaha-motor.com/showroom/papercraft/popupcard/scene1/index.html]
[global.yamaha-motor.com/showroom/papercraft/popupcard/shared/img/thumb_001.html]
[global.yamaha-motor.com/showroom/papercraft/popupcard/scene2/index.html]
[global.yamaha-motor.com/showroom/papercraft/popupcard/shared/img/thumb_002.html]
[global.yamaha-motor.com/showroom/papercraft/popupcard/scene3/index.html]
[global.yamaha-motor.com/showroom/papercraft/popupcard/shared/img/thumb_003.html]
[global.yamaha-motor.com/showroom/papercraft/popupcard/scene4/index.html]
[global.yamaha-motor.com/showroom/papercraft/popupcard/shared/img/thumb_004.html]
[global.yamaha-motor.com/showroom/papercraft/popupcard/scene5/index.html]
[global.yamaha-motor.com/showroom/papercraft/popupcard/shared/img/thumb_005.html]
[global.yamaha-motor.com/showroom/papercraft/popupcard/scene6/index.html]
[global.yamaha-motor.com/showroom/papercraft/popupcard/shared/img/thumb_006.html]
[global.yamaha-motor.com/showroom/papercraft/popupcard/scene7/index.html]
[global.yamaha-motor.com/showroom/papercraft/popupcard/shared/img/thumb_007.html]
[global.yamaha-motor.com/showroom/papercraft/popupcard/scene8/index.html]
[global.yamaha-motor.com/showroom/papercraft/popupcard/shared/img/thumb_008.html]
[global.yamaha-motor.com/showroom/papercraft/popupcard/scene9/index.html]
[global.yamaha-motor.com/showroom/papercraft/popupcard/shared/img/thumb_009.html]
[global.yamaha-motor.com/showroom/papercraft/seasons/img/btn_gotop.html]
[global.yamaha-motor.com/showroom/papercraft/seasons/img/keyimg_pc.html]
[global.yamaha-motor.com/showroom/papercraft/seasons/img/pic_nav_001.html]
[global.yamaha-motor.com/showroom/papercraft/seasons/img/pic_nav_002.html]
[global.yamaha-motor.com/showroom/papercraft/seasons/img/pic_nav_003.html]
[global.yamaha-motor.com/showroom/papercraft/seasons/img/pic_nav_004.html]
[global.yamaha-motor.com/showroom/papercraft/seasons/img/pic_nav_005.html]
[global.yamaha-motor.com/showroom/papercraft/seasons/img/pic_nav_006.html]
[global.yamaha-motor.com/showroom/papercraft/seasons/img/pic_nav_007.html]
[global.yamaha-motor.com/showroom/papercraft/seasons/img/pic_nav_008.html]
[global.yamaha-motor.com/showroom/papercraft/seasons/img/pic_nav_009.html]
[global.yamaha-motor.com/showroom/papercraft/seasons/img/pic_nav_010.html]
[global.yamaha-motor.com/showroom/papercraft/seasons/img/01/pic_001.html]
[global.yamaha-motor.com/showroom/papercraft/seasons/img/01/pic_002.html]
[global.yamaha-motor.com/showroom/papercraft/seasons/pdf/01/kadomatsu.html]
[global.yamaha-motor.com/showroom/papercraft/seasons/img/01/pic_003.html]
[global.yamaha-motor.com/showroom/papercraft/seasons/pdf/01/kumade.html]
[global.yamaha-motor.com/showroom/papercraft/seasons/img/02/pic_001.html]
[global.yamaha-motor.com/showroom/papercraft/seasons/img/02/pic_002.html]
[global.yamaha-motor.com/showroom/papercraft/seasons/pdf/02/oni.html]
[global.yamaha-motor.com/showroom/papercraft/seasons/img/03/pic_001.html]
[global.yamaha-motor.com/showroom/papercraft/seasons/img/03/pic_002.html]
[global.yamaha-motor.com/showroom/papercraft/seasons/pdf/03/hina.html]
[global.yamaha-motor.com/showroom/papercraft/seasons/pdf/03/hina_asse.html]
[global.yamaha-motor.com/showroom/papercraft/seasons/img/04/pic_001.html]
[global.yamaha-motor.com/showroom/papercraft/seasons/img/04/pic_002.html]
[global.yamaha-motor.com/showroom/papercraft/seasons/pdf/04/hanami.html]
[global.yamaha-motor.com/showroom/papercraft/seasons/pdf/04/hanami_asse.html]
[global.yamaha-motor.com/showroom/papercraft/seasons/img/05/pic_001.html]
[global.yamaha-motor.com/showroom/papercraft/seasons/img/05/pic_002.html]
[global.yamaha-motor.com/showroom/papercraft/seasons/img/05/pic_003.html]
[global.yamaha-motor.com/showroom/papercraft/seasons/pdf/05/kabuto.html]
[global.yamaha-motor.com/showroom/papercraft/seasons/pdf/05/kabuto_asse.html]
[global.yamaha-motor.com/showroom/papercraft/seasons/img/06/pic_001.html]
[global.yamaha-motor.com/showroom/papercraft/seasons/img/06/pic_002.html]
[global.yamaha-motor.com/showroom/papercraft/seasons/pdf/06/frog.html]
[global.yamaha-motor.com/showroom/papercraft/seasons/img/06/pic_003.html]
[global.yamaha-motor.com/showroom/papercraft/seasons/pdf/06/snail.html]
[global.yamaha-motor.com/showroom/papercraft/seasons/img/07/pic_001.html]
[global.yamaha-motor.com/showroom/papercraft/seasons/img/07/pic_002.html]
[global.yamaha-motor.com/showroom/papercraft/seasons/pdf/07/atlas.html]
[global.yamaha-motor.com/showroom/papercraft/seasons/pdf/07/atlas_asse.html]
[global.yamaha-motor.com/showroom/papercraft/seasons/img/07/pic_003.html]
[global.yamaha-motor.com/showroom/papercraft/seasons/pdf/07/stag.html]
[global.yamaha-motor.com/showroom/papercraft/seasons/pdf/07/stag_asse.html]
[global.yamaha-motor.com/showroom/papercraft/seasons/img/08/pic_001.html]
[global.yamaha-motor.com/showroom/papercraft/seasons/img/08/pic_002.html]
[global.yamaha-motor.com/showroom/papercraft/seasons/pdf/08/mikoshi.html]
[global.yamaha-motor.com/showroom/papercraft/seasons/pdf/08/mikoshi_asse.html]
[global.yamaha-motor.com/showroom/papercraft/seasons/img/09/pic_001.html]
[global.yamaha-motor.com/showroom/papercraft/seasons/img/09/pic_002.html]
[global.yamaha-motor.com/showroom/papercraft/seasons/pdf/09/jack.html]
[global.yamaha-motor.com/showroom/papercraft/seasons/pdf/09/jack_asse.html]
[global.yamaha-motor.com/showroom/papercraft/seasons/img/09/pic_003.html]
[global.yamaha-motor.com/showroom/papercraft/seasons/pdf/09/witch.html]
[global.yamaha-motor.com/showroom/papercraft/seasons/pdf/09/witch_asse.html]
[global.yamaha-motor.com/showroom/papercraft/seasons/img/10/pic_001.html]
[global.yamaha-motor.com/showroom/papercraft/seasons/img/10/pic_002.html]
[global.yamaha-motor.com/showroom/papercraft/seasons/pdf/10/tonakai.html]
[global.yamaha-motor.com/showroom/papercraft/seasons/pdf/10/tonakai_asse.html]
[global.yamaha-motor.com/showroom/papercraft/seasons/img/10/pic_003.html]
[global.yamaha-motor.com/showroom/papercraft/seasons/pdf/10/sori.html]
[global.yamaha-motor.com/showroom/papercraft/seasons/pdf/10/sori_asse.html]
[global.yamaha-motor.com/showroom/papercraft/seasons/img/10/pic_004.html]
[global.yamaha-motor.com/showroom/papercraft/seasons/pdf/10/card.html]
[global.yamaha-motor.com/showroom/papercraft/tableau-japan/shared/img/ogp_img.html]
[global.yamaha-motor.com/showroom/papercraft/tableau-japan/css/index.html]
[global.yamaha-motor.com/showroom/papercraft/tableau-japan/img/btn_gotop.html]
[global.yamaha-motor.com/showroom/papercraft/tableau-japan/img/keyimg_pc.html]
[global.yamaha-motor.com/showroom/papercraft/tableau-japan/uguisu/index.html]
[global.yamaha-motor.com/showroom/papercraft/tableau-japan/shared/img/thumb_001.html]
[global.yamaha-motor.com/showroom/papercraft/tableau-japan/kingyo/index.html]
[global.yamaha-motor.com/showroom/papercraft/tableau-japan/shared/img/thumb_002.html]
[global.yamaha-motor.com/showroom/papercraft/tableau-japan/akinomikaku/index.html]
[global.yamaha-motor.com/showroom/papercraft/tableau-japan/shared/img/thumb_003.html]
[global.yamaha-motor.com/showroom/papercraft/tableau-japan/kotatsuneko/index.html]
[global.yamaha-motor.com/showroom/papercraft/tableau-japan/shared/img/thumb_004.html]
[global.yamaha-motor.com/showroom/papercraft/howto/img/ogp_img.html]
[global.yamaha-motor.com/showroom/papercraft/howto/css/howto.html]
[global.yamaha-motor.com/showroom/papercraft/howto/css/index.html]
[global.yamaha-motor.com/showroom/papercraft/howto/img/btn_gotop.html]
[global.yamaha-motor.com/showroom/papercraft/howto/img/index/keyimg_pc.html]
[global.yamaha-motor.com/showroom/papercraft/howto/img/bike.html]
[global.yamaha-motor.com/showroom/papercraft/howto/practical.html]
[global.yamaha-motor.com/showroom/papercraft/howto/img/index/ico_001.html]
[global.yamaha-motor.com/showroom/papercraft/howto/img/index/ico_002.html]
[global.yamaha-motor.com/showroom/papercraft/howto/img/index/ico_003.html]
[global.yamaha-motor.com/showroom/papercraft/howto/img/index/ico_004.html]
[global.yamaha-motor.com/showroom/papercraft/howto/img/index/ico_005.html]
[global.yamaha-motor.com/showroom/papercraft/howto/pdf/training.html]
[global.yamaha-motor.com/showroom/papercraft/howto/img/index/bnr.html]
[global.yamaha-motor.com/showroom/papercraft/howto/img/index/ill_001.html]
[global.yamaha-motor.com/showroom/papercraft/howto/mov/bc02_cut01.html]
[global.yamaha-motor.com/showroom/papercraft/howto/img/index/bg_001.html]
[global.yamaha-motor.com/showroom/papercraft/howto/img/index/ill_002.html]
[global.yamaha-motor.com/showroom/papercraft/howto/mov/bc02_cut02.html]
[global.yamaha-motor.com/showroom/papercraft/howto/img/index/bg_002.html]
[global.yamaha-motor.com/showroom/papercraft/howto/img/index/ill_003.html]
[global.yamaha-motor.com/showroom/papercraft/howto/mov/bc03_fold01.html]
[global.yamaha-motor.com/showroom/papercraft/howto/img/index/bg_003.html]
[global.yamaha-motor.com/showroom/papercraft/howto/img/index/ill_004.html]
[global.yamaha-motor.com/showroom/papercraft/howto/mov/bc04_round01.html]
[global.yamaha-motor.com/showroom/papercraft/howto/img/index/bg_004.html]
[global.yamaha-motor.com/showroom/papercraft/howto/img/index/ill_005.html]
[global.yamaha-motor.com/showroom/papercraft/howto/mov/bc04_round02.html]
[global.yamaha-motor.com/showroom/papercraft/howto/img/index/bg_005.html]
[global.yamaha-motor.com/showroom/papercraft/howto/img/index/ill_006.html]
[global.yamaha-motor.com/showroom/papercraft/howto/mov/bc05_past01.html]
[global.yamaha-motor.com/showroom/papercraft/howto/img/index/bg_006.html]
[global.yamaha-motor.com/showroom/papercraft/howto/img/index/ill_007.html]
[global.yamaha-motor.com/showroom/papercraft/howto/mov/bc05_past02.html]
[global.yamaha-motor.com/showroom/papercraft/howto/img/index/bg_007.html]
[global.yamaha-motor.com/showroom/papercraft/howto/img/index/ill_008.html]
[global.yamaha-motor.com/showroom/papercraft/howto/mov/bc05_past03.html]
[global.yamaha-motor.com/showroom/papercraft/howto/img/index/bg_008.html]
[global.yamaha-motor.com/showroom/papercraft/howto/img/index/ill_009.html]
[global.yamaha-motor.com/showroom/papercraft/howto/mov/bc05_past04.html]
[global.yamaha-motor.com/showroom/papercraft/howto/img/index/bg_009.html]
[global.yamaha-motor.com/showroom/papercraft/howto/img/index/ill_010.html]
[global.yamaha-motor.com/showroom/papercraft/howto/mov/bc01_tool01.html]
[global.yamaha-motor.com/showroom/papercraft/howto/img/index/bg_010.html]
[global.yamaha-motor.com/showroom/papercraft/howto/js/howto.html]
[global.yamaha-motor.com/showroom/papercraft/faq/css/faq.html]
[global.yamaha-motor.com/showroom/papercraft/faq/img/btn_gotop.html]
[global.yamaha-motor.com/showroom/papercraft/faq/img/fig_download.html]
[global.yamaha-motor.com/showroom/papercraft/designer/css/designer.html]
[global.yamaha-motor.com/showroom/papercraft/designer/img/btn_gotop.html]
[global.yamaha-motor.com/showroom/papercraft/designer/img/pic_001.html]
[global.yamaha-motor.com/showroom/papercraft/gallery/css/gallery.html]
[global.yamaha-motor.com/showroom/papercraft/gallery/img/btn_gotop.html]
[global.yamaha-motor.com/showroom/papercraft/gallery/img/keyimg_pc.html]
[global.yamaha-motor.com/showroom/papercraft/gallery/img/h2_001.html]
[global.yamaha-motor.com/showroom/papercraft/gallery/img/pic_001.html]
[global.yamaha-motor.com/showroom/papercraft/gallery/img/fig_001.html]
[global.yamaha-motor.com/showroom/papercraft/gallery/img/bnr_001.html]
[global.yamaha-motor.com/showroom/papercraft/gallery/img/bnr_001o.html]
[global.yamaha-motor.com/showroom/papercraft/ultra/ya-1/index-2.html]
[global.yamaha-motor.com/showroom/papercraft/ultra/ya-1/asset201712/img/ogp_img.html]
[global.yamaha-motor.com/showroom/papercraft/ultra/ya-1/asset201712/css/index.html]
[global.yamaha-motor.com/showroom/papercraft/ultra/ya-1/asset201712/img/btn_gotop.html]
[global.yamaha-motor.com/showroom/papercraft/ultra/ya-1/asset201712/img/logo_002.html]
[global.yamaha-motor.com/showroom/papercraft/ultra/ya-1/asset201712/img/logo.html]
[global.yamaha-motor.com/showroom/papercraft/ultra/ya-1/asset201712/img/pic_main_sp.html]
[global.yamaha-motor.com/showroom/papercraft/ultra/ya-1/asset201712/img/ttl_about.html]
[global.yamaha-motor.com/showroom/papercraft/ultra/ya-1/asset201712/img/pic_about_001.html]
[global.yamaha-motor.com/showroom/papercraft/ultra/ya-1/gallery/index.html]
[global.yamaha-motor.com/showroom/papercraft/ultra/ya-1/asset201712/img/btn_001_sp.html]
[global.yamaha-motor.com/showroom/papercraft/ultra/ya-1/asset201712/img/txt_001.html]
[global.yamaha-motor.com/showroom/papercraft/ultra/ya-1/asset201712/img/txt_001_sp.html]
[global.yamaha-motor.com/showroom/papercraft/ultra/ya-1/asset201712/img/ttl_spec.html]
[global.yamaha-motor.com/showroom/papercraft/ultra/ya-1/asset201712/img/pic_spec_001_sp.html]
[global.yamaha-motor.com/showroom/papercraft/ultra/ya-1/asset201712/img/pic_spec_002.html]
[global.yamaha-motor.com/showroom/papercraft/ultra/ya-1/asset201712/img/txt_spec_001_sp.html]
[global.yamaha-motor.com/showroom/papercraft/ultra/ya-1/asset201712/img/pic_spec_003.html]
[global.yamaha-motor.com/showroom/papercraft/ultra/ya-1/asset201712/img/txt_spec_002_sp.html]
[global.yamaha-motor.com/showroom/papercraft/ultra/ya-1/asset201712/img/pic_spec_004.html]
[global.yamaha-motor.com/showroom/papercraft/ultra/ya-1/asset201712/img/pic_spec_005.html]
[global.yamaha-motor.com/showroom/papercraft/ultra/ya-1/asset201712/img/pic_spec_006.html]
[global.yamaha-motor.com/showroom/papercraft/ultra/ya-1/asset201712/img/ttl_detail.html]
[global.yamaha-motor.com/showroom/papercraft/ultra/ya-1/asset201712/img/detail/large/detail-pic_001.html]
[global.yamaha-motor.com/showroom/papercraft/ultra/ya-1/asset201712/img/detail/detail-pic_001.html]
[global.yamaha-motor.com/showroom/papercraft/ultra/ya-1/asset201712/img/detail/large/detail-pic_002.html]
[global.yamaha-motor.com/showroom/papercraft/ultra/ya-1/asset201712/img/detail/detail-pic_002.html]
[global.yamaha-motor.com/showroom/papercraft/ultra/ya-1/asset201712/img/detail/large/detail-pic_003.html]
[global.yamaha-motor.com/showroom/papercraft/ultra/ya-1/asset201712/img/detail/detail-pic_003.html]
[global.yamaha-motor.com/showroom/papercraft/ultra/ya-1/asset201712/img/detail/large/detail-pic_004.html]
[global.yamaha-motor.com/showroom/papercraft/ultra/ya-1/asset201712/img/detail/detail-pic_004.html]
[global.yamaha-motor.com/showroom/papercraft/ultra/ya-1/asset201712/img/detail/large/detail-pic_005.html]
[global.yamaha-motor.com/showroom/papercraft/ultra/ya-1/asset201712/img/detail/detail-pic_005.html]
[global.yamaha-motor.com/showroom/papercraft/ultra/ya-1/asset201712/img/detail/large/detail-pic_006.html]
[global.yamaha-motor.com/showroom/papercraft/ultra/ya-1/asset201712/img/detail/detail-pic_006.html]
[global.yamaha-motor.com/showroom/papercraft/ultra/ya-1/asset201712/img/detail/large/detail-pic_007.html]
[global.yamaha-motor.com/showroom/papercraft/ultra/ya-1/asset201712/img/detail/detail-pic_007.html]
[global.yamaha-motor.com/showroom/papercraft/ultra/ya-1/asset201712/img/detail/large/detail-pic_008.html]
[global.yamaha-motor.com/showroom/papercraft/ultra/ya-1/asset201712/img/detail/detail-pic_008.html]
[global.yamaha-motor.com/showroom/papercraft/ultra/ya-1/asset201712/img/detail/large/detail-pic_009.html]
[global.yamaha-motor.com/showroom/papercraft/ultra/ya-1/asset201712/img/detail/detail-pic_009.html]
[global.yamaha-motor.com/showroom/papercraft/ultra/ya-1/asset201712/img/detail/large/detail-pic_010.html]
[global.yamaha-motor.com/showroom/papercraft/ultra/ya-1/asset201712/img/detail/detail-pic_010.html]
[global.yamaha-motor.com/showroom/papercraft/ultra/ya-1/asset201712/img/detail/large/detail-pic_011.html]
[global.yamaha-motor.com/showroom/papercraft/ultra/ya-1/asset201712/img/detail/detail-pic_011.html]
[global.yamaha-motor.com/showroom/papercraft/ultra/ya-1/asset201712/img/detail/large/detail-pic_012.html]
[global.yamaha-motor.com/showroom/papercraft/ultra/ya-1/asset201712/img/detail/detail-pic_012.html]
[global.yamaha-motor.com/showroom/papercraft/ultra/ya-1/asset201712/img/detail/large/detail-pic_013.html]
[global.yamaha-motor.com/showroom/papercraft/ultra/ya-1/asset201712/img/detail/detail-pic_013.html]
[global.yamaha-motor.com/showroom/papercraft/ultra/ya-1/asset201712/img/detail/large/detail-pic_014.html]
[global.yamaha-motor.com/showroom/papercraft/ultra/ya-1/asset201712/img/detail/detail-pic_014.html]
[global.yamaha-motor.com/showroom/papercraft/ultra/ya-1/asset201712/img/detail/large/detail-pic_015.html]
[global.yamaha-motor.com/showroom/papercraft/ultra/ya-1/asset201712/img/detail/detail-pic_015.html]
[global.yamaha-motor.com/showroom/papercraft/ultra/ya-1/asset201712/img/ttl_download.html]
[global.yamaha-motor.com/showroom/papercraft/ultra/ya-1/asset201712/img/txt_vol.html]
[global.yamaha-motor.com/showroom/papercraft/ultra/ya-1/asset201712/img/txt_num1.html]
[global.yamaha-motor.com/showroom/papercraft/ultra/ya-1/asset201712/img/pic_dl_001.html]
[global.yamaha-motor.com/showroom/papercraft/ultra/ya-1/asset201712/img/txt_dl_std.html]
[global.yamaha-motor.com/showroom/papercraft/ultra/ya-1/asset201712/pdf/YA-1_color_01.html]
[global.yamaha-motor.com/showroom/papercraft/ultra/ya-1/asset201712/img/txt_vol_wt.html]
[global.yamaha-motor.com/showroom/papercraft/ultra/ya-1/asset201712/img/txt_num1_wt.html]
[global.yamaha-motor.com/showroom/papercraft/ultra/ya-1/asset201712/img/txt_dl_color_sp.html]
[global.yamaha-motor.com/showroom/papercraft/ultra/ya-1/asset201712/pdf/YA-1_white_01.html]
[global.yamaha-motor.com/showroom/papercraft/ultra/ya-1/asset201712/img/txt_dl_colorNone_sp.html]
[global.yamaha-motor.com/showroom/papercraft/ultra/ya-1/asset201712/pdf/YA-1_assembly_01E.html]
[global.yamaha-motor.com/showroom/papercraft/ultra/ya-1/asset201712/img/txt_dl_special.html]
[global.yamaha-motor.com/showroom/papercraft/ultra/ya-1/asset201712/pdf/YA-1_SPcolor_01.html]
[global.yamaha-motor.com/showroom/papercraft/ultra/ya-1/asset201712/pdf/YA-1_SPwhite_01.html]
[global.yamaha-motor.com/showroom/papercraft/ultra/ya-1/asset201712/pdf/YA-1_SPassembly_01E.html]
[global.yamaha-motor.com/showroom/papercraft/ultra/ya-1/asset201712/img/txt_num2.html]
[global.yamaha-motor.com/showroom/papercraft/ultra/ya-1/asset201712/img/pic_dl_002.html]
[global.yamaha-motor.com/showroom/papercraft/ultra/ya-1/asset201712/pdf/YA-1_color_02.html]
[global.yamaha-motor.com/showroom/papercraft/ultra/ya-1/asset201712/img/txt_num2_wt.html]
[global.yamaha-motor.com/showroom/papercraft/ultra/ya-1/asset201712/pdf/YA-1_white_02.html]
[global.yamaha-motor.com/showroom/papercraft/ultra/ya-1/asset201712/pdf/YA-1_assembly_02E.html]
[global.yamaha-motor.com/showroom/papercraft/ultra/ya-1/asset201712/pdf/YA-1_SPcolor_02.html]
[global.yamaha-motor.com/showroom/papercraft/ultra/ya-1/asset201712/pdf/YA-1_SPwhite_02.html]
[global.yamaha-motor.com/showroom/papercraft/ultra/ya-1/asset201712/pdf/YA-1_SPassembly_02E.html]
[global.yamaha-motor.com/showroom/papercraft/ultra/ya-1/asset201712/img/txt_num3.html]
[global.yamaha-motor.com/showroom/papercraft/ultra/ya-1/asset201712/img/pic_dl_003.html]
[global.yamaha-motor.com/showroom/papercraft/ultra/ya-1/asset201712/pdf/YA-1_color_03.html]
[global.yamaha-motor.com/showroom/papercraft/ultra/ya-1/asset201712/img/txt_num3_wt.html]
[global.yamaha-motor.com/showroom/papercraft/ultra/ya-1/asset201712/pdf/YA-1_white_03.html]
[global.yamaha-motor.com/showroom/papercraft/ultra/ya-1/asset201712/pdf/YA-1_assembly_03E.html]
[global.yamaha-motor.com/showroom/papercraft/ultra/ya-1/asset201712/img/pic_dl_004.html]
[global.yamaha-motor.com/showroom/papercraft/ultra/ya-1/asset201712/pdf/YA-1_SPcolor_03.html]
[global.yamaha-motor.com/showroom/papercraft/ultra/ya-1/asset201712/pdf/YA-1_SPwhite_03.html]
[global.yamaha-motor.com/showroom/papercraft/ultra/ya-1/asset201712/pdf/YA-1_SPassembly_03E.html]
[global.yamaha-motor.com/showroom/papercraft/ultra/ya-1/asset201712/img/txt_002.html]
[global.yamaha-motor.com/showroom/papercraft/ultra/ya-1/asset201712/img/txt_002_sp.html]
[global.yamaha-motor.com/showroom/papercraft/ultra/shared-craft-models/img/bnr_tumblr3.html]
[global.yamaha-motor.com/showroom/papercraft/ultra/ya-1/asset201712/js/index.html]
[global.yamaha-motor.com/showroom/papercraft/ultra/mt-10/img/ogp_img.html]
[global.yamaha-motor.com/showroom/papercraft/ultra/shared-craft-models/css/craft-models.html]
[global.yamaha-motor.com/showroom/papercraft/ultra/mt-10/css/index.html]
[global.yamaha-motor.com/showroom/papercraft/ultra/shared-craft-models/img/btn_001.html]
[global.yamaha-motor.com/showroom/papercraft/ultra/mt-10/img/title_logo_e.html]
[global.yamaha-motor.com/showroom/papercraft/ultra/mt-10/img/title_emblem.html]
[global.yamaha-motor.com/jp/showroom/papercraft/ultra/mt-10/img/pic_main_sp.html]
[global.yamaha-motor.com/showroom/papercraft/ultra/mt-10/img/hd_about.html]
[global.yamaha-motor.com/showroom/papercraft/ultra/mt-10/img/pic_001.html]
[global.yamaha-motor.com/showroom/papercraft/ultra/mt-10/img/pic_about_001.html]
[global.yamaha-motor.com/showroom/papercraft/ultra/mt-10/img/pic_about_002.html]
[global.yamaha-motor.com/showroom/papercraft/ultra/mt-10/img/pic_about_003.html]
[global.yamaha-motor.com/showroom/papercraft/ultra/mt-10/img/pic_002.html]
[global.yamaha-motor.com/showroom/papercraft/ultra/mt-10/img/pic_002_sp.html]
[global.yamaha-motor.com/showroom/papercraft/ultra/mt-10/img/txt_001.html]
[global.yamaha-motor.com/showroom/papercraft/ultra/mt-10/img/pic_detail_001.html]
[global.yamaha-motor.com/showroom/papercraft/ultra/mt-10/img/pic_detail_002.html]
[global.yamaha-motor.com/showroom/papercraft/ultra/mt-10/img/pic_detail_003.html]
[global.yamaha-motor.com/showroom/papercraft/ultra/mt-10/img/pic_detail_004.html]
[global.yamaha-motor.com/showroom/papercraft/ultra/mt-10/img/pic_detail_005.html]
[global.yamaha-motor.com/showroom/papercraft/ultra/mt-10/img/pic_detail_006.html]
[global.yamaha-motor.com/showroom/papercraft/ultra/mt-10/img/pic_detail_007.html]
[global.yamaha-motor.com/showroom/papercraft/ultra/mt-10/img/pic_detail_008.html]
[global.yamaha-motor.com/showroom/papercraft/ultra/mt-10/img/pic_detail_009.html]
[global.yamaha-motor.com/showroom/papercraft/ultra/mt-10/img/pic_detail_010.html]
[global.yamaha-motor.com/showroom/papercraft/ultra/mt-10/img/pic_detail_011.html]
[global.yamaha-motor.com/showroom/papercraft/ultra/mt-10/img/pic_detail_012.html]
[global.yamaha-motor.com/showroom/papercraft/ultra/mt-10/img/pic_vol1.html]
[global.yamaha-motor.com/showroom/papercraft/ultra/mt-10/pdf/mt-10_color_01.html]
[global.yamaha-motor.com/showroom/papercraft/ultra/mt-10/pdf/mt-10_white_01.html]
[global.yamaha-motor.com/showroom/papercraft/ultra/mt-10/pdf/mt-10_assembly_01.html]
[global.yamaha-motor.com/showroom/papercraft/ultra/mt-10/img/pic_vol2.html]
[global.yamaha-motor.com/showroom/papercraft/ultra/mt-10/pdf/mt-10_color_02.html]
[global.yamaha-motor.com/showroom/papercraft/ultra/mt-10/pdf/mt-10_white_02.html]
[global.yamaha-motor.com/showroom/papercraft/ultra/mt-10/pdf/mt-10_assembly_02.html]
[global.yamaha-motor.com/showroom/papercraft/ultra/mt-10/img/pic_vol3.html]
[global.yamaha-motor.com/showroom/papercraft/ultra/mt-10/pdf/mt-10_color_03.html]
[global.yamaha-motor.com/showroom/papercraft/ultra/mt-10/pdf/mt-10_white_03.html]
[global.yamaha-motor.com/showroom/papercraft/ultra/mt-10/pdf/mt-10_assembly_03.html]
[global.yamaha-motor.com/showroom/papercraft/ultra/mt-10/img/pic_compBike.html]
[global.yamaha-motor.com/showroom/papercraft/ultra/mt-10/js/index.html]
[global.yamaha-motor.com/showroom/papercraft/ultra/yzf-r1m/css/bootstrap.html]
[global.yamaha-motor.com/showroom/papercraft/ultra/yzf-r1m/css/style.html]
[global.yamaha-motor.com/showroom/papercraft/ultra/yzf-r1m/css/sns.html]
[global.yamaha-motor.com/showroom/papercraft/ultra/yzf-r1m/css/blueimp-gallery.min.html]
[global.yamaha-motor.com/showroom/papercraft/ultra/yzf-r1m/css/bootstrap-image-gallery.min.html]
[global.yamaha-motor.com/showroom/papercraft/ultra/yzf-r1m/img/ogp-img.html]
[www.yamaha-motor.co.jp/shared/js/ga_code.html]
[global.yamaha-motor.com/showroom/papercraft/ultra/yzf-r1m/img/tag_001.html]
[global.yamaha-motor.com/showroom/papercraft/ultra/yzf-r1m/img/home_txt.html]
[global.yamaha-motor.com/showroom/papercraft/ultra/yzf-r1m/img/icon_arrow.html]
[global.yamaha-motor.com/showroom/papercraft/ultra/yzf-r1m/img/h3_intro.html]
[global.yamaha-motor.com/showroom/papercraft/ultra/yzf-r1m/img/fig_001.html]
[global.yamaha-motor.com/showroom/papercraft/ultra/yzf-r1m/img/fig_002.html]
[global.yamaha-motor.com/showroom/papercraft/ultra/yzf-r1m/img/fig_003.html]
[global.yamaha-motor.com/showroom/papercraft/ultra/yzf-r1m/img/message_001.html]
[global.yamaha-motor.com/showroom/papercraft/ultra/yzf-r1m/img/txt_001.html]
[global.yamaha-motor.com/showroom/papercraft/ultra/yzf-r1m/img/photo/photo_001.html]
[global.yamaha-motor.com/showroom/papercraft/ultra/yzf-r1m/img/photo/photo_thumb_001.html]
[global.yamaha-motor.com/showroom/papercraft/ultra/yzf-r1m/img/photo/photo_002.html]
[global.yamaha-motor.com/showroom/papercraft/ultra/yzf-r1m/img/photo/photo_thumb_002.html]
[global.yamaha-motor.com/showroom/papercraft/ultra/yzf-r1m/img/photo/photo_003.html]
[global.yamaha-motor.com/showroom/papercraft/ultra/yzf-r1m/img/photo/photo_thumb_003.html]
[global.yamaha-motor.com/showroom/papercraft/ultra/yzf-r1m/img/photo/photo_004.html]
[global.yamaha-motor.com/showroom/papercraft/ultra/yzf-r1m/img/photo/photo_thumb_004.html]
[global.yamaha-motor.com/showroom/papercraft/ultra/yzf-r1m/img/photo/photo_005.html]
[global.yamaha-motor.com/showroom/papercraft/ultra/yzf-r1m/img/photo/photo_thumb_005.html]
[global.yamaha-motor.com/showroom/papercraft/ultra/yzf-r1m/img/photo/photo_006.html]
[global.yamaha-motor.com/showroom/papercraft/ultra/yzf-r1m/img/photo/photo_thumb_006.html]
[global.yamaha-motor.com/showroom/papercraft/ultra/yzf-r1m/img/photo/photo_007.html]
[global.yamaha-motor.com/showroom/papercraft/ultra/yzf-r1m/img/photo/photo_thumb_007.html]
[global.yamaha-motor.com/showroom/papercraft/ultra/yzf-r1m/img/photo/photo_008.html]
[global.yamaha-motor.com/showroom/papercraft/ultra/yzf-r1m/img/photo/photo_thumb_008.html]
[global.yamaha-motor.com/showroom/papercraft/ultra/yzf-r1m/img/photo/photo_009.html]
[global.yamaha-motor.com/showroom/papercraft/ultra/yzf-r1m/img/photo/photo_thumb_009.html]
[global.yamaha-motor.com/showroom/papercraft/ultra/yzf-r1m/info.html]
[global.yamaha-motor.com/showroom/papercraft/ultra/yzf-r1m/img/ar_004.html]
[global.yamaha-motor.com/showroom/papercraft/ultra/yzf-r1m/img/download_001.html]
[global.yamaha-motor.com/showroom/papercraft/ultra/yzf-r1m/pdf/yzf-r1m_color_01.html]
[global.yamaha-motor.com/showroom/papercraft/ultra/yzf-r1m/img/dl_001.html]
[global.yamaha-motor.com/showroom/papercraft/ultra/yzf-r1m/pdf/yzf-r1m_white_01.html]
[global.yamaha-motor.com/showroom/papercraft/ultra/yzf-r1m/pdf/yzf-r1m_assembly_01.html]
[global.yamaha-motor.com/showroom/papercraft/ultra/yzf-r1m/img/dl_002.html]
[global.yamaha-motor.com/showroom/papercraft/ultra/yzf-r1m/img/download_002.html]
[global.yamaha-motor.com/showroom/papercraft/ultra/yzf-r1m/pdf/yzf-r1m_color_02.html]
[global.yamaha-motor.com/showroom/papercraft/ultra/yzf-r1m/pdf/yzf-r1m_white_02.html]
[global.yamaha-motor.com/showroom/papercraft/ultra/yzf-r1m/pdf/yzf-r1m_assembly_02.html]
[global.yamaha-motor.com/showroom/papercraft/ultra/yzf-r1m/img/download_003.html]
[global.yamaha-motor.com/showroom/papercraft/ultra/yzf-r1m/pdf/yzf-r1m_color_03.html]
[global.yamaha-motor.com/showroom/papercraft/ultra/yzf-r1m/pdf/yzf-r1m_white_03.html]
[global.yamaha-motor.com/showroom/papercraft/ultra/yzf-r1m/pdf/yzf-r1m_assembly_03.html]
[global.yamaha-motor.com/showroom/papercraft/ultra/yzf-r1m/img/download_004.html]
[global.yamaha-motor.com/showroom/papercraft/ultra/yzf-r1m/pdf/yzf-r1m_color_04.html]
[global.yamaha-motor.com/showroom/papercraft/ultra/yzf-r1m/pdf/yzf-r1m_white_04.html]
[global.yamaha-motor.com/showroom/papercraft/ultra/yzf-r1m/pdf/yzf-r1m_assembly_04.html]
[global.yamaha-motor.com/showroom/papercraft/ultra/yzf-r1m/img/download_005.html]
[global.yamaha-motor.com/showroom/papercraft/ultra/yzf-r1m/pdf/yzf-r1m_color_05.html]
[global.yamaha-motor.com/showroom/papercraft/ultra/yzf-r1m/pdf/yzf-r1m_white_05.html]
[global.yamaha-motor.com/showroom/papercraft/ultra/yzf-r1m/pdf/yzf-r1m_assembly_05.html]
[global.yamaha-motor.com/showroom/papercraft/ultra/yzf-r1m/img/goto_gallery_pc.html]
[global.yamaha-motor.com/showroom/papercraft/ultra/yzf-r1m/img/ar_003.html]
[global.yamaha-motor.com/showroom/papercraft/ultra/yzf-r1m/js/jquery-1.11.1.html]
[global.yamaha-motor.com/showroom/papercraft/ultra/yzf-r1m/js/jquery-ui-1.8.23.custom.min.html]
[global.yamaha-motor.com/showroom/papercraft/ultra/yzf-r1m/js/bootstrap.html]
[global.yamaha-motor.com/showroom/papercraft/ultra/yzf-r1m/js/jquery.easing.min.html]
[global.yamaha-motor.com/showroom/papercraft/ultra/yzf-r1m/js/custom.html]
[global.yamaha-motor.com/showroom/papercraft/ultra/yzf-r1m/js/jquery.blueimp-gallery.min.html]
[global.yamaha-motor.com/showroom/papercraft/ultra/vmax/img/ogp_img.html]
[global.yamaha-motor.com/showroom/papercraft/ultra/vmax/img/pic_main.html]
[global.yamaha-motor.com/showroom/papercraft/ultra/vmax/img/pic_complete_001.html]
[global.yamaha-motor.com/showroom/papercraft/ultra/vmax/img/pic_complete_002.html]
[global.yamaha-motor.com/showroom/papercraft/ultra/vmax/img/pic_complete_003.html]
[global.yamaha-motor.com/showroom/papercraft/ultra/vmax/img/pic_complete_004.html]
[global.yamaha-motor.com/showroom/papercraft/ultra/vmax/img/pic_complete_005.html]
[global.yamaha-motor.com/showroom/papercraft/ultra/vmax/img/pic_complete_006.html]
[global.yamaha-motor.com/showroom/papercraft/ultra/vmax/img/pic_complete_007.html]
[global.yamaha-motor.com/showroom/papercraft/ultra/vmax/img/pic_complete_008.html]
[global.yamaha-motor.com/showroom/papercraft/ultra/vmax/img/pic_complete_009.html]
[global.yamaha-motor.com/showroom/papercraft/ultra/shared-craft-models/img/icon_open.html]
[global.yamaha-motor.com/showroom/papercraft/ultra/vmax/img/pic_nav_001.html]
[global.yamaha-motor.com/showroom/papercraft/ultra/vmax/img/pic_nav_002.html]
[global.yamaha-motor.com/showroom/papercraft/ultra/vmax/img/pic_nav_003.html]
[global.yamaha-motor.com/showroom/papercraft/ultra/vmax/img/pic_nav_004.html]
[global.yamaha-motor.com/showroom/papercraft/ultra/vmax/img/pic_nav_005.html]
[global.yamaha-motor.com/showroom/papercraft/ultra/vmax/img/pic_vol1.html]
[global.yamaha-motor.com/showroom/papercraft/ultra/vmax/pdf/vol_1/vmax_color_01.html]
[global.yamaha-motor.com/showroom/papercraft/ultra/vmax/pdf/vol_1/vmax_white_01.html]
[global.yamaha-motor.com/showroom/papercraft/ultra/vmax/pdf/vol_1/vmax_assembly_01.html]
[global.yamaha-motor.com/showroom/papercraft/ultra/vmax/img/pic_vol1_parts_001.html]
[global.yamaha-motor.com/showroom/papercraft/ultra/vmax/img/pic_vol1_parts_002.html]
[global.yamaha-motor.com/showroom/papercraft/ultra/vmax/img/pic_vol1_parts_003.html]
[global.yamaha-motor.com/showroom/papercraft/ultra/vmax/img/pic_vol1_parts_004.html]
[global.yamaha-motor.com/showroom/papercraft/ultra/vmax/img/pic_vol1_parts_005.html]
[global.yamaha-motor.com/showroom/papercraft/ultra/vmax/img/pic_vol1_parts_006.html]
[global.yamaha-motor.com/showroom/papercraft/ultra/vmax/img/pic_vol1_parts_007.html]
[global.yamaha-motor.com/showroom/papercraft/ultra/vmax/img/pic_vol2.html]
[global.yamaha-motor.com/showroom/papercraft/ultra/vmax/pdf/vol_2/vmax_color_02.html]
[global.yamaha-motor.com/showroom/papercraft/ultra/vmax/pdf/vol_2/vmax_white_02.html]
[global.yamaha-motor.com/showroom/papercraft/ultra/vmax/pdf/vol_2/vmax_assembly_02.html]
[global.yamaha-motor.com/showroom/papercraft/ultra/vmax/img/pic_vol2_parts_001.html]
[global.yamaha-motor.com/showroom/papercraft/ultra/vmax/img/pic_vol2_parts_002.html]
[global.yamaha-motor.com/showroom/papercraft/ultra/vmax/img/pic_vol2_parts_003.html]
[global.yamaha-motor.com/showroom/papercraft/ultra/vmax/img/pic_vol2_parts_004.html]
[global.yamaha-motor.com/showroom/papercraft/ultra/vmax/img/pic_vol2_parts_005.html]
[global.yamaha-motor.com/showroom/papercraft/ultra/vmax/img/pic_vol2_parts_006.html]
[global.yamaha-motor.com/showroom/papercraft/ultra/vmax/img/pic_vol2_parts_007.html]
[global.yamaha-motor.com/showroom/papercraft/ultra/vmax/img/pic_vol2_parts_008.html]
[global.yamaha-motor.com/showroom/papercraft/ultra/vmax/img/pic_vol2_parts_009.html]
[global.yamaha-motor.com/showroom/papercraft/ultra/vmax/img/pic_vol2_parts_010.html]
[global.yamaha-motor.com/showroom/papercraft/ultra/vmax/img/pic_vol2_parts_011.html]
[global.yamaha-motor.com/showroom/papercraft/ultra/vmax/img/pic_vol3.html]
[global.yamaha-motor.com/showroom/papercraft/ultra/vmax/pdf/vol_3/vmax_color_03.html]
[global.yamaha-motor.com/showroom/papercraft/ultra/vmax/pdf/vol_3/vmax_white_03.html]
[global.yamaha-motor.com/showroom/papercraft/ultra/vmax/pdf/vol_3/vmax_assembly_03.html]
[global.yamaha-motor.com/showroom/papercraft/ultra/vmax/img/pic_vol3_parts_001.html]
[global.yamaha-motor.com/showroom/papercraft/ultra/vmax/img/pic_vol3_parts_002.html]
[global.yamaha-motor.com/showroom/papercraft/ultra/vmax/img/pic_vol3_parts_003.html]
[global.yamaha-motor.com/showroom/papercraft/ultra/vmax/img/pic_vol3_parts_004.html]
[global.yamaha-motor.com/showroom/papercraft/ultra/vmax/img/pic_vol3_parts_005.html]
[global.yamaha-motor.com/showroom/papercraft/ultra/vmax/img/pic_vol3_parts_006.html]
[global.yamaha-motor.com/showroom/papercraft/ultra/vmax/img/pic_vol3_parts_007.html]
[global.yamaha-motor.com/showroom/papercraft/ultra/vmax/img/pic_vol3_parts_008.html]
[global.yamaha-motor.com/showroom/papercraft/ultra/vmax/img/pic_vol3_parts_009.html]
[global.yamaha-motor.com/showroom/papercraft/ultra/vmax/img/pic_vol3_parts_010.html]
[global.yamaha-motor.com/showroom/papercraft/ultra/vmax/img/pic_vol3_parts_011.html]
[global.yamaha-motor.com/showroom/papercraft/ultra/vmax/img/pic_vol4.html]
[global.yamaha-motor.com/showroom/papercraft/ultra/vmax/pdf/vol_4/vmax_color_04.html]
[global.yamaha-motor.com/showroom/papercraft/ultra/vmax/pdf/vol_4/vmax_white_04.html]
[global.yamaha-motor.com/showroom/papercraft/ultra/vmax/pdf/vol_4/vmax_assembly_04.html]
[global.yamaha-motor.com/showroom/papercraft/ultra/vmax/img/pic_vol4_parts_001.html]
[global.yamaha-motor.com/showroom/papercraft/ultra/vmax/img/pic_vol4_parts_002.html]
[global.yamaha-motor.com/showroom/papercraft/ultra/vmax/img/pic_vol4_parts_003.html]
[global.yamaha-motor.com/showroom/papercraft/ultra/vmax/img/pic_vol4_parts_004.html]
[global.yamaha-motor.com/showroom/papercraft/ultra/vmax/img/pic_vol4_parts_005.html]
[global.yamaha-motor.com/showroom/papercraft/ultra/vmax/img/pic_vol4_parts_006.html]
[global.yamaha-motor.com/showroom/papercraft/ultra/vmax/img/pic_vol4_parts_007.html]
[global.yamaha-motor.com/showroom/papercraft/ultra/vmax/img/pic_vol4_parts_008.html]
[global.yamaha-motor.com/showroom/papercraft/ultra/vmax/img/pic_vol4_parts_009.html]
[global.yamaha-motor.com/showroom/papercraft/ultra/vmax/img/pic_vol4_parts_010.html]
[global.yamaha-motor.com/showroom/papercraft/ultra/vmax/img/pic_vol4_parts_011.html]
[global.yamaha-motor.com/showroom/papercraft/ultra/vmax/img/pic_vol5.html]
[global.yamaha-motor.com/showroom/papercraft/ultra/vmax/pdf/vol_5/vmax_color_05.html]
[global.yamaha-motor.com/showroom/papercraft/ultra/vmax/pdf/vol_5/vmax_white_05.html]
[global.yamaha-motor.com/showroom/papercraft/ultra/vmax/pdf/vol_5/vmax_assembly_05.html]
[global.yamaha-motor.com/showroom/papercraft/ultra/vmax/img/pic_vol5_parts_001.html]
[global.yamaha-motor.com/showroom/papercraft/ultra/vmax/img/pic_vol5_parts_002.html]
[global.yamaha-motor.com/showroom/papercraft/ultra/vmax/img/pic_vol5_parts_003.html]
[global.yamaha-motor.com/showroom/papercraft/ultra/vmax/img/pic_vol5_parts_004.html]
[global.yamaha-motor.com/showroom/papercraft/ultra/vmax/img/pic_vol5_parts_005.html]
[global.yamaha-motor.com/showroom/papercraft/ultra/vmax/img/pic_vol5_parts_006.html]
[global.yamaha-motor.com/showroom/papercraft/ultra/vmax/img/pic_vol5_parts_007.html]
[global.yamaha-motor.com/showroom/papercraft/ultra/vmax/img/pic_compBike.html]
[global.yamaha-motor.com/showroom/papercraft/ultra/shared-craft-models/js/craft-models.html]
[global.yamaha-motor.com/showroom/papercraft/ultra/mt-01/img/ogp_img.html]
[global.yamaha-motor.com/showroom/papercraft/ultra/mt-01/img/pic_main.html]
[global.yamaha-motor.com/showroom/papercraft/ultra/mt-01/img/pic_complete_001.html]
[global.yamaha-motor.com/showroom/papercraft/ultra/mt-01/img/pic_complete_002.html]
[global.yamaha-motor.com/showroom/papercraft/ultra/mt-01/img/pic_complete_003.html]
[global.yamaha-motor.com/showroom/papercraft/ultra/mt-01/img/pic_complete_004.html]
[global.yamaha-motor.com/showroom/papercraft/ultra/mt-01/img/pic_nav_001.html]
[global.yamaha-motor.com/showroom/papercraft/ultra/mt-01/img/pic_nav_002.html]
[global.yamaha-motor.com/showroom/papercraft/ultra/mt-01/img/pic_nav_003.html]
[global.yamaha-motor.com/showroom/papercraft/ultra/mt-01/img/pic_nav_004.html]
[global.yamaha-motor.com/showroom/papercraft/ultra/mt-01/img/pic_nav_005.html]
[global.yamaha-motor.com/showroom/papercraft/ultra/mt-01/img/pic_vol1.html]
[global.yamaha-motor.com/showroom/papercraft/ultra/mt-01/pdf/vol_1/mt01_color_01.html]
[global.yamaha-motor.com/showroom/papercraft/ultra/mt-01/pdf/vol_1/mt01_white_01.html]
[global.yamaha-motor.com/showroom/papercraft/ultra/mt-01/pdf/vol_1/mt01_assembly_01.html]
[global.yamaha-motor.com/showroom/papercraft/ultra/mt-01/img/pic_vol2.html]
[global.yamaha-motor.com/showroom/papercraft/ultra/mt-01/pdf/vol_2/mt01_color_02.html]
[global.yamaha-motor.com/showroom/papercraft/ultra/mt-01/pdf/vol_2/mt01_white_02.html]
[global.yamaha-motor.com/showroom/papercraft/ultra/mt-01/pdf/vol_2/mt01_assembly_02.html]
[global.yamaha-motor.com/showroom/papercraft/ultra/mt-01/img/pic_vol3.html]
[global.yamaha-motor.com/showroom/papercraft/ultra/mt-01/pdf/vol_3/mt01_color_03.html]
[global.yamaha-motor.com/showroom/papercraft/ultra/mt-01/pdf/vol_3/mt01_white_03.html]
[global.yamaha-motor.com/showroom/papercraft/ultra/mt-01/pdf/vol_3/mt01_assembly_03.html]
[global.yamaha-motor.com/showroom/papercraft/ultra/mt-01/img/pic_vol4.html]
[global.yamaha-motor.com/showroom/papercraft/ultra/mt-01/pdf/vol_4/mt01_color_04.html]
[global.yamaha-motor.com/showroom/papercraft/ultra/mt-01/pdf/vol_4/mt01_white_04.html]
[global.yamaha-motor.com/showroom/papercraft/ultra/mt-01/pdf/vol_4/mt01_assembly_04.html]
[global.yamaha-motor.com/showroom/papercraft/ultra/mt-01/img/pic_vol5.html]
[global.yamaha-motor.com/showroom/papercraft/ultra/mt-01/pdf/vol_5/mt01_color_05.html]
[global.yamaha-motor.com/showroom/papercraft/ultra/mt-01/pdf/vol_5/mt01_white_05.html]
[global.yamaha-motor.com/showroom/papercraft/ultra/mt-01/pdf/vol_5/mt01_assembly_05.html]
[global.yamaha-motor.com/showroom/papercraft/ultra/mt-01/img/pic_compBike.html]
[global.yamaha-motor.com/showroom/papercraft/racing/bootstrap/fonts/glyphicons-halflings-regular.html]
[global.yamaha-motor.com/showroom/papercraft/racing/bootstrap/fonts/glyphicons-halflings-regulard41d.html]
[global.yamaha-motor.com/showroom/papercraft/racing/bootstrap/fonts/glyphicons-halflings-regular-2.html]
[global.yamaha-motor.com/showroom/papercraft/racing/bootstrap/fonts/glyphicons-halflings-regular-3.html]
[global.yamaha-motor.com/showroom/papercraft/racing/bootstrap/fonts/glyphicons-halflings-regular-4.html]
[global.yamaha-motor.com/showroom/papercraft/racing/js-plugin/owl.carousel/owl-carousel/grabbing.html]
[global.yamaha-motor.com/showroom/papercraft/racing/js-plugin/owl.carousel/owl-carousel/AjaxLoader.html]
[global.yamaha-motor.com/showroom/papercraft/racing/img/loading.html]
[global.yamaha-motor.com/showroom/papercraft/racing/img/error.html]
[global.yamaha-motor.com/showroom/papercraft/racing/img/play-pause.html]
[global.yamaha-motor.com/showroom/papercraft/racing/img/error-2.html]
[global.yamaha-motor.com/showroom/papercraft/racing/img/play-pause-2.html]
[global.yamaha-motor.com/showroom/papercraft/racing/img/video-play.html]
[global.yamaha-motor.com/showroom/papercraft/racing/img/video-play-2.html]
[global.yamaha-motor.com/showroom/papercraft/racing/bootstrap/bootstrap-image-gallery/img/loading.html]
[global.yamaha-motor.com/showroom/papercraft/racing/font-icons/custom-icons/font/custom-iconsc15a.html]
[global.yamaha-motor.com/showroom/papercraft/racing/font-icons/custom-icons/font/custom-iconsc15a-2.html]
[global.yamaha-motor.com/showroom/papercraft/racing/font-icons/custom-icons/font/custom-iconsc15a-3.html]
[global.yamaha-motor.com/showroom/papercraft/racing/font-icons/custom-icons/font/custom-iconsc15a-4.html]
[global.yamaha-motor.com/showroom/papercraft/racing/img/detl_main_001.html]
[global.yamaha-motor.com/showroom/papercraft/racing/img/down_main_001.html]
[global.yamaha-motor.com/showroom/papercraft/shared/img/btn_close.html]
[global.yamaha-motor.com/showroom/papercraft/racing/img/bg_001.html]
[global.yamaha-motor.com/showroom/papercraft/racing/img/ar_002.html]
[global.yamaha-motor.com/showroom/papercraft/racing/img/btn_bg_001.html]
[global.yamaha-motor.com/showroom/papercraft/racing/img/btn_bg_002.html]
[global.yamaha-motor.com/showroom/papercraft/racing/img/icon_download.html]
[global.yamaha-motor.com/showroom/papercraft/racing/img/btn_bg_003.html]
[global.yamaha-motor.com/showroom/papercraft/racing/bootstrap/css/bootstrap.html]
[global.yamaha-motor.com/showroom/papercraft/racing/css/colors.html]
[global.yamaha-motor.com/showroom/papercraft/racing/interview/img/lg_001.html]
[global.yamaha-motor.com/showroom/papercraft/racing/index-2.html]
[global.yamaha-motor.com/showroom/papercraft/racing/interview/img/goback_001.html]
[global.yamaha-motor.com/showroom/papercraft/racing/interview/img/main_001.html]
[global.yamaha-motor.com/showroom/papercraft/racing/interview/img/main_002.html]
[global.yamaha-motor.com/showroom/papercraft/racing/interview/img/icon_001.html]
[global.yamaha-motor.com/showroom/papercraft/racing/interview/img/icon_002.html]
[global.yamaha-motor.com/showroom/papercraft/racing/interview/img/txt_001.html]
[global.yamaha-motor.com/showroom/papercraft/racing/interview/img/pic_001.html]
[global.yamaha-motor.com/showroom/papercraft/racing/interview/img/pic_002.html]
[global.yamaha-motor.com/showroom/papercraft/racing/interview/img/pic_003.html]
[global.yamaha-motor.com/showroom/papercraft/racing/interview/img/pic_004.html]
[global.yamaha-motor.com/showroom/papercraft/racing/interview/img/pic_005.html]
[global.yamaha-motor.com/showroom/papercraft/racing/interview/img/pic_006.html]
